Component: ARM Compiler 5.06 update 3 (build 300) Tool: armlink [4d35c9]

==============================================================================

Section Cross References

    main.o(i.CPU_CACHE_Enable) refers to main.o(i.SCB_EnableICache) for SCB_EnableICache
    main.o(i.CPU_CACHE_Enable) refers to main.o(i.SCB_EnableDCache) for SCB_EnableDCache
    main.o(i.MPU_Config) refers to stm32f7xx_hal_cortex.o(i.HAL_MPU_ConfigRegion) for HAL_MPU_ConfigRegion
    main.o(i.MX_TIM11_Init) refers to stm32f7xx_hal_tim.o(i.HAL_TIM_Base_Init) for HAL_TIM_Base_Init
    main.o(i.MX_TIM11_Init) refers to main.o(i.Error_Handler) for Error_Handler
    main.o(i.MX_TIM11_Init) refers to stm32f7xx_hal_tim.o(i.HAL_TIM_PWM_Init) for HAL_TIM_PWM_Init
    main.o(i.MX_TIM11_Init) refers to stm32f7xx_hal_tim_ex.o(i.HAL_TIM_PWM_ConfigChannel) for HAL_TIM_PWM_ConfigChannel
    main.o(i.MX_TIM11_Init) refers to stm32f7xx_hal_msp.o(i.HAL_TIM_MspPostInit) for HAL_TIM_MspPostInit
    main.o(i.MX_TIM11_Init) refers to main.o(.bss) for htim11
    main.o(i.MX_TIM12_Init) refers to stm32f7xx_hal_tim.o(i.HAL_TIM_PWM_Init) for HAL_TIM_PWM_Init
    main.o(i.MX_TIM12_Init) refers to main.o(i.Error_Handler) for Error_Handler
    main.o(i.MX_TIM12_Init) refers to stm32f7xx_hal_tim_ex.o(i.HAL_TIM_PWM_ConfigChannel) for HAL_TIM_PWM_ConfigChannel
    main.o(i.MX_TIM12_Init) refers to stm32f7xx_hal_msp.o(i.HAL_TIM_MspPostInit) for HAL_TIM_MspPostInit
    main.o(i.MX_TIM12_Init) refers to main.o(.bss) for htim12
    main.o(i.MX_TIM2_Init) refers to stm32f7xx_hal_tim.o(i.HAL_TIM_PWM_Init) for HAL_TIM_PWM_Init
    main.o(i.MX_TIM2_Init) refers to main.o(i.Error_Handler) for Error_Handler
    main.o(i.MX_TIM2_Init) refers to stm32f7xx_hal_tim_ex.o(i.HAL_TIMEx_MasterConfigSynchronization) for HAL_TIMEx_MasterConfigSynchronization
    main.o(i.MX_TIM2_Init) refers to stm32f7xx_hal_tim_ex.o(i.HAL_TIM_PWM_ConfigChannel) for HAL_TIM_PWM_ConfigChannel
    main.o(i.MX_TIM2_Init) refers to stm32f7xx_hal_msp.o(i.HAL_TIM_MspPostInit) for HAL_TIM_MspPostInit
    main.o(i.MX_TIM2_Init) refers to main.o(.bss) for htim2
    main.o(i.MX_TIM3_Init) refers to stm32f7xx_hal_tim.o(i.HAL_TIM_PWM_Init) for HAL_TIM_PWM_Init
    main.o(i.MX_TIM3_Init) refers to main.o(i.Error_Handler) for Error_Handler
    main.o(i.MX_TIM3_Init) refers to stm32f7xx_hal_tim_ex.o(i.HAL_TIMEx_MasterConfigSynchronization) for HAL_TIMEx_MasterConfigSynchronization
    main.o(i.MX_TIM3_Init) refers to stm32f7xx_hal_tim_ex.o(i.HAL_TIM_PWM_ConfigChannel) for HAL_TIM_PWM_ConfigChannel
    main.o(i.MX_TIM3_Init) refers to stm32f7xx_hal_msp.o(i.HAL_TIM_MspPostInit) for HAL_TIM_MspPostInit
    main.o(i.MX_TIM3_Init) refers to main.o(.bss) for htim3
    main.o(i.MX_TIM4_Init) refers to stm32f7xx_hal_tim.o(i.HAL_TIM_PWM_Init) for HAL_TIM_PWM_Init
    main.o(i.MX_TIM4_Init) refers to main.o(i.Error_Handler) for Error_Handler
    main.o(i.MX_TIM4_Init) refers to stm32f7xx_hal_tim_ex.o(i.HAL_TIMEx_MasterConfigSynchronization) for HAL_TIMEx_MasterConfigSynchronization
    main.o(i.MX_TIM4_Init) refers to stm32f7xx_hal_tim_ex.o(i.HAL_TIM_PWM_ConfigChannel) for HAL_TIM_PWM_ConfigChannel
    main.o(i.MX_TIM4_Init) refers to stm32f7xx_hal_msp.o(i.HAL_TIM_MspPostInit) for HAL_TIM_MspPostInit
    main.o(i.MX_TIM4_Init) refers to main.o(.bss) for htim4
    main.o(i.MX_TIM8_Init) refers to stm32f7xx_hal_tim.o(i.HAL_TIM_PWM_Init) for HAL_TIM_PWM_Init
    main.o(i.MX_TIM8_Init) refers to main.o(i.Error_Handler) for Error_Handler
    main.o(i.MX_TIM8_Init) refers to stm32f7xx_hal_tim_ex.o(i.HAL_TIMEx_MasterConfigSynchronization) for HAL_TIMEx_MasterConfigSynchronization
    main.o(i.MX_TIM8_Init) refers to stm32f7xx_hal_tim_ex.o(i.HAL_TIMEx_ConfigBreakDeadTime) for HAL_TIMEx_ConfigBreakDeadTime
    main.o(i.MX_TIM8_Init) refers to stm32f7xx_hal_tim_ex.o(i.HAL_TIM_PWM_ConfigChannel) for HAL_TIM_PWM_ConfigChannel
    main.o(i.MX_TIM8_Init) refers to stm32f7xx_hal_msp.o(i.HAL_TIM_MspPostInit) for HAL_TIM_MspPostInit
    main.o(i.MX_TIM8_Init) refers to main.o(.bss) for htim8
    main.o(i.MX_USART1_UART_Init) refers to stm32f7xx_hal_uart.o(i.HAL_UART_Init) for HAL_UART_Init
    main.o(i.MX_USART1_UART_Init) refers to main.o(i.Error_Handler) for Error_Handler
    main.o(i.MX_USART1_UART_Init) refers to main.o(.bss) for huart1
    main.o(i.PWM_integer) refers to strstr.o(.text) for strstr
    main.o(i.PWM_integer) refers to atoi.o(.text) for atoi
    main.o(i.PWM_integer) refers to main.o(.constdata) for .constdata
    main.o(i.SystemClock_Config) refers to stm32f7xx_hal_rcc.o(i.HAL_RCC_OscConfig) for HAL_RCC_OscConfig
    main.o(i.SystemClock_Config) refers to main.o(i.Error_Handler) for Error_Handler
    main.o(i.SystemClock_Config) refers to stm32f7xx_hal_pwr_ex.o(i.HAL_PWREx_EnableOverDrive) for HAL_PWREx_EnableOverDrive
    main.o(i.SystemClock_Config) refers to stm32f7xx_hal_rcc.o(i.HAL_RCC_ClockConfig) for HAL_RCC_ClockConfig
[...]
    CL$$btod_emul                            0x08001246   Section       40  btod.o(CL$$btod_emul)
    CL$$btod_mult_common                     0x0800126e   Section      580  btod.o(CL$$btod_mult_common)
    i.BusFault_Handler                       0x080014b2   Section        0  stm32f7xx_it.o(i.BusFault_Handler)
    i.CPU_CACHE_Enable                       0x080014b6   Section        0  main.o(i.CPU_CACHE_Enable)
    CPU_CACHE_Enable                         0x080014b7   Thumb Code    12  main.o(i.CPU_CACHE_Enable)
    i.DebugMon_Handler                       0x080014c2   Section        0  stm32f7xx_it.o(i.DebugMon_Handler)
    i.Delay                                  0x080014c4   Section        0  tm_stm32_onewire.o(i.Delay)
    Delay                                    0x080014c5   Thumb Code    38  tm_stm32_onewire.o(i.Delay)
    i.Error_Handler                          0x080014f4   Section        0  main.o(i.Error_Handler)
    Error_Handler                            0x080014f5   Thumb Code     4  main.o(i.Error_Handler)
    i.HAL_DMA_Abort_IT                       0x080014f8   Section        0  stm32f7xx_hal_dma.o(i.HAL_DMA_Abort_IT)
    i.HAL_Delay                              0x08001520   Section        0  tm_stm32_delay.o(i.HAL_Delay)
    i.HAL_GPIO_Init                          0x08001558   Section        0  stm32f7xx_hal_gpio.o(i.HAL_GPIO_Init)
    i.HAL_GPIO_WritePin                      0x08001770   Section        0  stm32f7xx_hal_gpio.o(i.HAL_GPIO_WritePin)
    i.HAL_GetTick                            0x0800177c   Section        0  tm_stm32_delay.o(i.HAL_GetTick)
    i.HAL_IncTick                            0x08001788   Section        0  tm_stm32_delay.o(i.HAL_IncTick)
    i.HAL_Init                               0x08001850   Section        0  stm32f7xx_hal.o(i.HAL_Init)
    i.HAL_InitTick                           0x08001878   Section        0  stm32f7xx_hal.o(i.HAL_InitTick)
    i.HAL_MspInit                            0x080018a0   Section        0  stm32f7xx_hal_msp.o(i.HAL_MspInit)
    i.HAL_NVIC_EnableIRQ                     0x080018f6   Section        0  stm32f7xx_hal_cortex.o(i.HAL_NVIC_EnableIRQ)
    i.HAL_NVIC_SetPriority                   0x08001916   Section        0  stm32f7xx_hal_cortex.o(i.HAL_NVIC_SetPriority)
    i.HAL_NVIC_SetPriorityGrouping           0x08001994   Section        0  stm32f7xx_hal_cortex.o(i.HAL_NVIC_SetPriorityGrouping)
    i.HAL_PWREx_EnableOverDrive              0x080019bc   Section        0  stm32f7xx_hal_pwr_ex.o(i.HAL_PWREx_EnableOverDrive)
    i.HAL_RCCEx_PeriphCLKConfig              0x08001a4c   Section        0  stm32f7xx_hal_rcc_ex.o(i.HAL_RCCEx_PeriphCLKConfig)
    i.HAL_RCC_ClockConfig                    0x08002364   Section        0  stm32f7xx_hal_rcc.o(i.HAL_RCC_ClockConfig)
    i.HAL_RCC_GetHCLKFreq                    0x08002518   Section        0  stm32f7xx_hal_rcc.o(i.HAL_RCC_GetHCLKFreq)
    i.HAL_RCC_GetPCLK1Freq                   0x08002524   Section        0  stm32f7xx_hal_rcc.o(i.HAL_RCC_GetPCLK1Freq)
    i.HAL_RCC_GetPCLK2Freq                   0x08002550   Section        0  stm32f7xx_hal_rcc.o(i.HAL_RCC_GetPCLK2Freq)
    i.HAL_RCC_GetSysClockFreq                0x0800257c   Section        0  stm32f7xx_hal_rcc.o(i.HAL_RCC_GetSysClockFreq)
    i.HAL_RCC_OscConfig                      0x08002630   Section        0  stm32f7xx_hal_rcc.o(i.HAL_RCC_OscConfig)
    i.HAL_SYSTICK_CLKSourceConfig            0x08002af0   Section        0  stm32f7xx_hal_cortex.o(i.HAL_SYSTICK_CLKSourceConfig)
    i.HAL_SYSTICK_Config                     0x08002b18   Section        0  stm32f7xx_hal_cortex.o(i.HAL_SYSTICK_Config)
    i.HAL_TIMEx_ConfigBreakDeadTime          0x08002b4c   Section        0  stm32f7xx_hal_tim_ex.o(i.HAL_TIMEx_ConfigBreakDeadTime)
    i.HAL_TIMEx_MasterConfigSynchronization  0x08002bb4   Section        0  stm32f7xx_hal_tim_ex.o(i.HAL_TIMEx_MasterConfigSynchronization)
    i.HAL_TIM_Base_Init                      0x08002c20   Section        0  stm32f7xx_hal_tim.o(i.HAL_TIM_Base_Init)
    i.HAL_TIM_Base_MspInit                   0x08002c50   Section        0  stm32f7xx_hal_msp.o(i.HAL_TIM_Base_MspInit)
    i.HAL_TIM_MspPostInit                    0x08002c80   Section        0  stm32f7xx_hal_msp.o(i.HAL_TIM_MspPostInit)
    i.HAL_TIM_PWM_ConfigChannel              0x08002d88   Section        0  stm32f7xx_hal_tim_ex.o(i.HAL_TIM_PWM_ConfigChannel)
    i.HAL_TIM_PWM_Init                       0x08002efc   Section        0  stm32f7xx_hal_tim.o(i.HAL_TIM_PWM_Init)
    i.HAL_TIM_PWM_MspInit                    0x08002f30   Section        0  stm32f7xx_hal_msp.o(i.HAL_TIM_PWM_MspInit)
    i.HAL_TIM_PWM_Start                      0x08003000   Section        0  stm32f7xx_hal_tim.o(i.HAL_TIM_PWM_Start)
    i.HAL_UART_ErrorCallback                 0x0800304c   Section        0  stm32f7xx_hal_uart.o(i.HAL_UART_ErrorCallback)
    i.HAL_UART_IRQHandler                    0x08003050   Section        0  stm32f7xx_hal_uart.o(i.HAL_UART_IRQHandler)
    i.HAL_UART_Init                          0x080031ac   Section        0  stm32f7xx_hal_uart.o(i.HAL_UART_Init)
    i.HAL_UART_MspInit                       0x08003224   Section        0  stm32f7xx_hal_msp.o(i.HAL_UART_MspInit)
    i.HAL_UART_Receive_IT                    0x080032ac   Section        0  stm32f7xx_hal_uart.o(i.HAL_UART_Receive_IT)
    i.HAL_UART_RxCpltCallback                0x08003374   Section        0  stm32f7xx_hal_uart.o(i.HAL_UART_RxCpltCallback)
    i.HAL_UART_Transmit_IT                   0x08003376   Section        0  stm32f7xx_hal_uart.o(i.HAL_UART_Transmit_IT)
    i.HAL_UART_TxCpltCallback                0x080033d0   Section        0  stm32f7xx_hal_uart.o(i.HAL_UART_TxCpltCallback)
    i.HardFault_Handler                      0x080033d2   Section        0  stm32f7xx_it.o(i.HardFault_Handler)
    i.LED_Initialize                         0x080033d8   Section        0  led_746g_discovery.o(i.LED_Initialize)
    i.LED_Off                                0x08003420   Section        0  led_746g_discovery.o(i.LED_Off)
    i.LED_On                                 0x08003440   Section        0  led_746g_discovery.o(i.LED_On)
    i.MX_GPIO_Init                           0x08003460   Section        0  main.o(i.MX_GPIO_Init)
    MX_GPIO_Init                             0x08003461   Thumb Code   136  main.o(i.MX_GPIO_Init)
    i.MX_TIM11_Init                          0x080034ec   Section        0  main.o(i.MX_TIM11_Init)
    MX_TIM11_Init                            0x080034ed   Thumb Code    88  main.o(i.MX_TIM11_Init)
    i.MX_TIM12_Init                          0x0800354c   Section        0  main.o(i.MX_TIM12_Init)
    MX_TIM12_Init                            0x0800354d   Thumb Code    92  main.o(i.MX_TIM12_Init)
    i.MX_TIM2_Init                           0x080035b0   Section        0  main.o(i.MX_TIM2_Init)
    MX_TIM2_Init                             0x080035b1   Thumb Code    98  main.o(i.MX_TIM2_Init)
    i.MX_TIM3_Init                           0x08003618   Section        0  main.o(i.MX_TIM3_Init)
    MX_TIM3_Init                             0x08003619   Thumb Code    96  main.o(i.MX_TIM3_Init)
    i.MX_TIM4_Init                           0x08003680   Section        0  main.o(i.MX_TIM4_Init)
    MX_TIM4_Init                             0x08003681   Thumb Code    96  main.o(i.MX_TIM4_Init)
    i.MX_TIM8_Init                           0x080036e8   Section        0  main.o(i.MX_TIM8_Init)
    MX_TIM8_Init                             0x080036e9   Thumb Code   152  main.o(i.MX_TIM8_Init)
    i.MX_USART1_UART_Init                    0x08003788   Section        0  main.o(i.MX_USART1_UART_Init)
    MX_USART1_UART_Init                      0x08003789   Thumb Code    56  main.o(i.MX_USART1_UART_Init)
    i.MemManage_Handler                      0x080037c8   Section        0  stm32f7xx_it.o(i.MemManage_Handler)
    i.NMI_Handler                            0x080037cc   Section        0  stm32f7xx_it.o(i.NMI_Handler)
    i.NVIC_GetPriorityGrouping               0x080037d0   Section        0  stm32f7xx_hal_cortex.o(i.NVIC_GetPriorityGrouping)
    NVIC_GetPriorityGrouping                 0x080037d1   Thumb Code    10  stm32f7xx_hal_cortex.o(i.NVIC_GetPriorityGrouping)
    i.NVIC_SetPriority                       0x080037e0   Section        0  stm32f7xx_hal_cortex.o(i.NVIC_SetPriority)
    NVIC_SetPriority                         0x080037e1   Thumb Code    32  stm32f7xx_hal_cortex.o(i.NVIC_SetPriority)
    i.PWM_integer                            0x08003808   Section        0  main.o(i.PWM_integer)
    i.PendSV_Handler                         0x08003894   Section        0  stm32f7xx_it.o(i.PendSV_Handler)
    i.SCB_EnableDCache                       0x08003898   Section        0  main.o(i.SCB_EnableDCache)
    SCB_EnableDCache                         0x08003899   Thumb Code   148  main.o(i.SCB_EnableDCache)
    i.SCB_EnableICache                       0x08003934   Section        0  main.o(i.SCB_EnableICache)
    SCB_EnableICache                         0x08003935   Thumb Code   116  main.o(i.SCB_EnableICache)
    i.SVC_Handler                            0x080039b0   Section        0  stm32f7xx_it.o(i.SVC_Handler)
    i.SysTick_Handler                        0x080039b2   Section        0  stm32f7xx_it.o(i.SysTick_Handler)
    i.SystemClock_Config                     0x080039bc   Section        0  main.o(i.SystemClock_Config)
    SystemClock_Config                       0x080039bd   Thumb Code   208  main.o(i.SystemClock_Config)
    i.SystemInit                             0x08003a94   Section        0  system_stm32f7xx.o(i.SystemInit)
    i.TIM_Base_SetConfig                     0x08003af8   Section        0  stm32f7xx_hal_tim.o(i.TIM_Base_SetConfig)
    i.TIM_CCxChannelCmd                      0x08003bdc   Section        0  stm32f7xx_hal_tim.o(i.TIM_CCxChannelCmd)
    i.TIM_OC1_SetConfig                      0x08003bf8   Section        0  stm32f7xx_hal_tim.o(i.TIM_OC1_SetConfig)
    i.TIM_OC2_SetConfig                      0x08003c6c   Section        0  stm32f7xx_hal_tim.o(i.TIM_OC2_SetConfig)
    i.TIM_OC3_SetConfig                      0x08003ce8   Section        0  stm32f7xx_hal_tim.o(i.TIM_OC3_SetConfig)
    i.TIM_OC4_SetConfig                      0x08003d64   Section        0  stm32f7xx_hal_tim.o(i.TIM_OC4_SetConfig)
    i.TIM_OC5_SetConfig                      0x08003dc8   Section        0  stm32f7xx_hal_tim_ex.o(i.TIM_OC5_SetConfig)
    TIM_OC5_SetConfig                        0x08003dc9   Thumb Code    74  stm32f7xx_hal_tim_ex.o(i.TIM_OC5_SetConfig)
    i.TIM_OC6_SetConfig                      0x08003e20   Section        0  stm32f7xx_hal_tim_ex.o(i.TIM_OC6_SetConfig)
    TIM_OC6_SetConfig                        0x08003e21   Thumb Code    76  stm32f7xx_hal_tim_ex.o(i.TIM_OC6_SetConfig)
    i.TM_DELAY_1msHandler                    0x08003e78   Section        0  tm_stm32_delay.o(i.TM_DELAY_1msHandler)
    i.TM_DELAY_Init                          0x08003e7c   Section        0  tm_stm32_delay.o(i.TM_DELAY_Init)
    i.TM_DS18B20_AllDone                     0x08003ec4   Section        0  tm_stm32_ds18b20.o(i.TM_DS18B20_AllDone)
    i.TM_DS18B20_Is                          0x08003ed0   Section        0  tm_stm32_ds18b20.o(i.TM_DS18B20_Is)
    i.TM_DS18B20_Read                        0x08003ee0   Section        0  tm_stm32_ds18b20.o(i.TM_DS18B20_Read)
    i.TM_DS18B20_SetResolution               0x08004064   Section        0  tm_stm32_ds18b20.o(i.TM_DS18B20_SetResolution)
    i.TM_DS18B20_StartAll                    0x08004134   Section        0  tm_stm32_ds18b20.o(i.TM_DS18B20_StartAll)
    i.TM_GPIO_GetPortSource                  0x08004150   Section        0  tm_stm32_gpio.o(i.TM_GPIO_GetPortSource)
    i.TM_GPIO_INT_EnableClock                0x08004160   Section        0  tm_stm32_gpio.o(i.TM_GPIO_INT_EnableClock)
    i.TM_GPIO_INT_Init                       0x08004180   Section        0  tm_stm32_gpio.o(i.TM_GPIO_INT_Init)
    i.TM_GPIO_Init                           0x08004230   Section        0  tm_stm32_gpio.o(i.TM_GPIO_Init)
    i.TM_GPIO_SetPinAsInput                  0x08004260   Section        0  tm_stm32_gpio.o(i.TM_GPIO_SetPinAsInput)
    i.TM_GPIO_SetPinAsOutput                 0x08004286   Section        0  tm_stm32_gpio.o(i.TM_GPIO_SetPinAsOutput)
    i.TM_OneWire_CRC8                        0x080042b4   Section        0  tm_stm32_onewire.o(i.TM_OneWire_CRC8)
    i.TM_OneWire_First                       0x080042ec   Section        0  tm_stm32_onewire.o(i.TM_OneWire_First)
    i.TM_OneWire_GetFullROM                  0x08004300   Section        0  tm_stm32_onewire.o(i.TM_OneWire_GetFullROM)
    i.TM_OneWire_Init                        0x08004318   Section        0  tm_stm32_onewire.o(i.TM_OneWire_Init)
    i.TM_OneWire_Next                        0x0800433c   Section        0  tm_stm32_onewire.o(i.TM_OneWire_Next)
    i.TM_OneWire_ReadBit                     0x0800434a   Section        0  tm_stm32_onewire.o(i.TM_OneWire_ReadBit)
    i.TM_OneWire_ReadByte                    0x08004392   Section        0  tm_stm32_onewire.o(i.TM_OneWire_ReadByte)
    i.TM_OneWire_Reset                       0x080043b8   Section        0  tm_stm32_onewire.o(i.TM_OneWire_Reset)
    i.TM_OneWire_ResetSearch                 0x08004400   Section        0  tm_stm32_onewire.o(i.TM_OneWire_ResetSearch)
    i.TM_OneWire_Search                      0x0800440a   Section        0  tm_stm32_onewire.o(i.TM_OneWire_Search)
    i.TM_OneWire_SelectWithPointer           0x08004512   Section        0  tm_stm32_onewire.o(i.TM_OneWire_SelectWithPointer)
    i.TM_OneWire_WriteBit                    0x08004536   Section        0  tm_stm32_onewire.o(i.TM_OneWire_WriteBit)
    i.TM_OneWire_WriteByte                   0x0800459a   Section        0  tm_stm32_onewire.o(i.TM_OneWire_WriteByte)
    i.UART_AdvFeatureConfig                  0x080045bc   Section        0  stm32f7xx_hal_uart.o(i.UART_AdvFeatureConfig)
    i.UART_CheckIdleState                    0x080046a6   Section        0  stm32f7xx_hal_uart.o(i.UART_CheckIdleState)
    i.UART_DMAAbortOnError                   0x0800471a   Section        0  stm32f7xx_hal_uart.o(i.UART_DMAAbortOnError)
    UART_DMAAbortOnError                     0x0800471b   Thumb Code    24  stm32f7xx_hal_uart.o(i.UART_DMAAbortOnError)
    i.UART_EndRxTransfer                     0x08004732   Section        0  stm32f7xx_hal_uart.o(i.UART_EndRxTransfer)
    UART_EndRxTransfer                       0x08004733   Thumb Code    32  stm32f7xx_hal_uart.o(i.UART_EndRxTransfer)
    i.UART_EndTransmit_IT                    0x08004752   Section        0  stm32f7xx_hal_uart.o(i.UART_EndTransmit_IT)
    UART_EndTransmit_IT                      0x08004753   Thumb Code    32  stm32f7xx_hal_uart.o(i.UART_EndTransmit_IT)
    i.UART_Receive_IT                        0x08004772   Section        0  stm32f7xx_hal_uart.o(i.UART_Receive_IT)
    UART_Receive_IT                          0x08004773   Thumb Code   136  stm32f7xx_hal_uart.o(i.UART_Receive_IT)
    i.UART_SetConfig                         0x080047fc   Section        0  stm32f7xx_hal_uart.o(i.UART_SetConfig)
    i.UART_Transmit_IT                       0x08004b88   Section        0  stm32f7xx_hal_uart.o(i.UART_Transmit_IT)
    UART_Transmit_IT                         0x08004b89   Thumb Code   106  stm32f7xx_hal_uart.o(i.UART_Transmit_IT)
    i.UART_WaitOnFlagUntilTimeout            0x08004bf2   Section        0  stm32f7xx_hal_uart.o(i.UART_WaitOnFlagUntilTimeout)
    i.USART1_IRQHandler                      0x08004c60   Section        0  stm32f7xx_it.o(i.USART1_IRQHandler)
    i.UsageFault_Handler                     0x08004c70   Section        0  stm32f7xx_it.o(i.UsageFault_Handler)
    i.__ARM_fpclassify                       0x08004c74   Section        0  fpclassify.o(i.__ARM_fpclassify)
    i._is_digit                              0x08004ca4   Section        0  __printf_wp.o(i._is_digit)
    i.main                                   0x08004cb4   Section        0  main.o(i.main)
    i.setPWM                                 0x08005260   Section        0  main.o(i.setPWM)
    locale$$code                             0x08005318   Section       44  lc_numeric_c.o(locale$$code)
    locale$$code                             0x08005344   Section       44  lc_ctype_c.o(locale$$code)
    x$fpl$dretinf                            0x08005370   Section       12  dretinf.o(x$fpl$dretinf)
    $v0                                      0x08005370   Number         0  dretinf.o(x$fpl$dretinf)
    x$fpl$f2d                                0x0800537c   Section       86  f2d.o(x$fpl$f2d)
    $v0                                      0x0800537c   Number         0  f2d.o(x$fpl$f2d)
    x$fpl$fnaninf                            0x080053d2   Section      140  fnaninf.o(x$fpl$fnaninf)
    $v0                                      0x080053d2   Number         0  fnaninf.o(x$fpl$fnaninf)
    x$fpl$fpinit                             0x0800545e   Section       10  fpinit.o(x$fpl$fpinit)
    $v0                                      0x0800545e   Number         0  fpinit.o(x$fpl$fpinit)
    x$fpl$printf1                            0x08005468   Section        4  printf1.o(x$fpl$printf1)
    $v0                                      0x08005468   Number         0  printf1.o(x$fpl$printf1)
    .constdata                               0x0800546c   Section       10  main.o(.constdata)
    x$fpl$usenofp                            0x0800546c   Section        0  usenofp.o(x$fpl$usenofp)
    .constdata                               0x08005478   Section        8  led_746g_discovery.o(.constdata)
    LED_PIN                                  0x08005478   Data           8  led_746g_discovery.o(.constdata)
    .constdata                               0x08005480   Section       24  system_stm32f7xx.o(.constdata)
    .constdata                               0x08005498   Section      148  bigflt0.o(.constdata)
    tenpwrs_x                                0x08005498   Data          60  bigflt0.o(.constdata)
    tenpwrs_i                                0x080054d4   Data          64  bigflt0.o(.constdata)
    .conststring                             0x0800552c   Section       94  main.o(.conststring)
    locale$$data                             0x080055ac   Section       28  lc_numeric_c.o(locale$$data)
    __lcnum_c_name                           0x080055b0   Data           2  lc_numeric_c.o(locale$$data)
    __lcnum_c_start                          0x080055b8   Data           0  lc_numeric_c.o(locale$$data)
    __lcnum_c_point                          0x080055c4   Data           0  lc_numeric_c.o(locale$$data)
    __lcnum_c_thousands                      0x080055c6   Data           0  lc_numeric_c.o(locale$$data)
    __lcnum_c_grouping                       0x080055c7   Data           0  lc_numeric_c.o(locale$$data)
    locale$$data                             0x080055c8   Section      272  lc_ctype_c.o(locale$$data)
    __lcnum_c_end                            0x080055c8   Data           0  lc_numeric_c.o(locale$$data)
    __lcctype_c_name                         0x080055cc   Data           2  lc_ctype_c.o(locale$$data)
    __lcctype_c_start                        0x080055d4   Data           0  lc_ctype_c.o(locale$$data)
    __lcctype_c_end                          0x080056d8   Data           0  lc_ctype_c.o(locale$$data)
    .data                                    0x20010000   Section      384  main.o(.data)
    .data                                    0x20010180   Section        8  tm_stm32_delay.o(.data)
    .data                                    0x20010188   Section        4  system_stm32f7xx.o(.data)
    .bss                                     0x2001018c   Section      512  main.o(.bss)
    .bss                                     0x2001038c   Section       26  tm_stm32_gpio.o(.bss)
    GPIO_UsedPins                            0x2001038c   Data          26  tm_stm32_gpio.o(.bss)
    .bss                                     0x200103a8   Section       24  tm_stm32_delay.o(.bss)
    CustomTimers                             0x200103a8   Data          24  tm_stm32_delay.o(.bss)
    .bss                                     0x200103c0   Section       96  libspace.o(.bss)
    HEAP                                     0x20010420   Section      512  startup_stm32f746xx.o(HEAP)
    Heap_Mem                                 0x20010420   Data         512  startup_stm32f746xx.o(HEAP)
    STACK                                    0x20010620   Section     1024  startup_stm32f746xx.o(STACK)
    Stack_Mem                                0x20010620   Data        1024  startup_stm32f746xx.o(STACK)
    __initial_sp                             0x20010a20   Data           0  startup_stm32f746xx.o(STACK)

    Global Symbols

    Symbol Name                              Value     Ov Type        Size  Object(Section)

    BuildAttributes$$THM_ISAv4$E$P$D$K$B$S$7EM$VFPi5$EXTD16$VFPS$VFMA$PE$PLD8$A:L22UL41UL21$X:L11$S22US41US21$IEEE1$IW$USESV6$~STKCKD$USESV7$~SHL$OTIME$ROPI$IEEEJ$EBA8$UX$STANDARDLIB$REQ8$PRES8$EABIv2 0x00000000   Number         0  anon$$obj.o ABSOLUTE
    __ARM_use_no_argv                        0x00000000   Number         0  main.o ABSOLUTE
    _printf_flags                            0x00000000   Number         0  printf_stubs.o ABSOLUTE
    _printf_return_value                     0x00000000   Number         0  printf_stubs.o ABSOLUTE
    _printf_sizespec                         0x00000000   Number         0  printf_stubs.o ABSOLUTE
    _printf_widthprec                        0x00000000   Number         0  printf_stubs.o ABSOLUTE
    __ARM_exceptions_init                     - Undefined Weak Reference
    __alloca_initialize                       - Undefined Weak Reference
    __arm_preinit_                            - Undefined Weak Reference
    __cpp_initialize__aeabi_                  - Undefined Weak Reference
    __cxa_finalize                            - Undefined Weak Reference
    __sigvec_lookup                           - Undefined Weak Reference
    __user_heap_extent                        - Undefined Weak Reference
    _atexit_init                              - Undefined Weak Reference
    _call_atexit_fns                          - Undefined Weak Reference
    _clock_init                               - Undefined Weak Reference
    _fp_trap_init                             - Undefined Weak Reference
    _fp_trap_shutdown                         - Undefined Weak Reference
    _get_lc_collate                           - Undefined Weak Reference
    _get_lc_monetary                          - Undefined Weak Reference
    _get_lc_time                              - Undefined Weak Reference
    _getenv_init                              - Undefined Weak Reference
    _handle_redirection                       - Undefined Weak Reference
    _initio                                   - Undefined Weak Reference
    _mutex_acquire                            - Undefined Weak Reference
    _mutex_free                               - Undefined Weak Reference
    _mutex_release                            - Undefined Weak Reference
    _rand_init                                - Undefined Weak Reference
    _signal_finish                            - Undefined Weak Reference
    _signal_init                              - Undefined Weak Reference
    _terminateio                              - Undefined Weak Reference
    __Vectors_Size                           0x000001c8   Number         0  startup_stm32f746xx.o ABSOLUTE
    __Vectors                                0x08000000   Data           4  startup_stm32f746xx.o(RESET)
    __Vectors_End                            0x080001c8   Data           0  startup_stm32f746xx.o(RESET)
    __main                                   0x080001c9   Thumb Code     8  __main.o(!!!main)
    __scatterload                            0x080001d1   Thumb Code     0  __scatter.o(!!!scatter)
    __scatterload_rt2                        0x080001d1   Thumb Code    44  __scatter.o(!!!scatter)
    __scatterload_rt2_thumb_only             0x080001d1   Thumb Code     0  __scatter.o(!!!scatter)
    __scatterload_null                       0x080001df   Thumb Code     0  __scatter.o(!!!scatter)
    __decompress                             0x08000205   Thumb Code    90  __dczerorl2.o(!!dczerorl2)
    __decompress1                            0x08000205   Thumb Code     0  __dczerorl2.o(!!dczerorl2)
    __scatterload_zeroinit                   0x08000261   Thumb Code    28  __scatter_zi.o(!!handler_zi)
    _printf_f                                0x0800027d   Thumb Code     0  _printf_f.o(.ARM.Collect$$_printf_percent$$00000003)
    _printf_percent                          0x0800027d   Thumb Code     0  _printf_percent.o(.ARM.Collect$$_printf_percent$$00000000)
    _printf_percent_end                      0x08000283   Thumb Code     0  _printf_percent_end.o(.ARM.Collect$$_printf_percent$$00000017)
    __rt_lib_init                            0x08000287   Thumb Code     0  libinit.o(.ARM.Collect$$libinit$$00000000)
    __rt_lib_init_fp_1                       0x08000289   Thumb Code     0  libinit2.o(.ARM.Collect$$libinit$$00000001)
    __rt_lib_init_heap_1                     0x0800028d   Thumb Code     0  libinit2.o(.ARM.Collect$$libinit$$0000000A)
    __rt_lib_init_lc_common                  0x0800028d   Thumb Code     0  libinit2.o(.ARM.Collect$$libinit$$0000000F)
    __rt_lib_init_preinit_1                  0x0800028d   Thumb Code     0  libinit2.o(.ARM.Collect$$libinit$$00000004)
    __rt_lib_init_rand_1                     0x0800028d   Thumb Code     0  libinit2.o(.ARM.Collect$$libinit$$0000000E)
    __rt_lib_init_user_alloc_1               0x0800028d   Thumb Code     0  libinit2.o(.ARM.Collect$$libinit$$0000000C)
    __rt_lib_init_lc_collate_1               0x08000293   Thumb Code     0  libinit2.o(.ARM.Collect$$libinit$$00000011)
    __rt_lib_init_lc_ctype_2                 0x08000293   Thumb Code     0  libinit2.o(.ARM.Collect$$libinit$$00000012)
    __rt_lib_init_lc_ctype_1                 0x0800029f   Thumb Code     0  libinit2.o(.ARM.Collect$$libinit$$00000013)
    __rt_lib_init_lc_monetary_1              0x0800029f   Thumb Code     0  libinit2.o(.ARM.Collect$$libinit$$00000015)
    __rt_lib_init_lc_numeric_2               0x0800029f   Thumb Code     0  libinit2.o(.ARM.Collect$$libinit$$00000016)
    __rt_lib_init_alloca_1                   0x080002a9   Thumb Code     0  libinit2.o(.ARM.Collect$$libinit$$0000002E)
    __rt_lib_init_argv_1                     0x080002a9   Thumb Code     0  libinit2.o(.ARM.Collect$$libinit$$0000002C)
    __rt_lib_init_atexit_1                   0x080002a9   Thumb Code     0  libinit2.o(.ARM.Collect$$libinit$$0000001B)
    __rt_lib_init_clock_1                    0x080002a9   Thumb Code     0  libinit2.o(.ARM.Collect$$libinit$$00000021)
    __rt_lib_init_cpp_1                      0x080002a9   Thumb Code     0  libinit2.o(.ARM.Collect$$libinit$$00000032)
    __rt_lib_init_exceptions_1               0x080002a9   Thumb Code     0  libinit2.o(.ARM.Collect$$libinit$$00000030)
    __rt_lib_init_fp_trap_1                  0x080002a9   Thumb Code     0  libinit2.o(.ARM.Collect$$libinit$$0000001F)
    __rt_lib_init_getenv_1                   0x080002a9   Thumb Code     0  libinit2.o(.ARM.Collect$$libinit$$00000023)
    __rt_lib_init_lc_numeric_1               0x080002a9   Thumb Code     0  libinit2.o(.ARM.Collect$$libinit$$00000017)
    __rt_lib_init_lc_time_1                  0x080002a9   Thumb Code     0  libinit2.o(.ARM.Collect$$libinit$$00000019)
    __rt_lib_init_return                     0x080002a9   Thumb Code     0  libinit2.o(.ARM.Collect$$libinit$$00000033)
    __rt_lib_init_signal_1                   0x080002a9   Thumb Code     0  libinit2.o(.ARM.Collect$$libinit$$0000001D)
    __rt_lib_init_stdio_1                    0x080002a9   Thumb Code     0  libinit2.o(.ARM.Collect$$libinit$$00000025)
    __rt_lib_shutdown                        0x080002ab   Thumb Code     0  libshutdown.o(.ARM.Collect$$libshutdown$$00000000)
    __rt_lib_shutdown_cpp_1                  0x080002ad   Thumb Code     0  libshutdown2.o(.ARM.Collect$$libshutdown$$00000002)
    __rt_lib_shutdown_fp_trap_1              0x080002ad   Thumb Code     0  libshutdown2.o(.ARM.Collect$$libshutdown$$00000007)
    __rt_lib_shutdown_heap_1                 0x080002ad   Thumb Code     0  libshutdown2.o(.ARM.Collect$$libshutdown$$0000000F)
    __rt_lib_shutdown_return                 0x080002ad   Thumb Code     0  libshutdown2.o(.ARM.Collect$$libshutdown$$00000010)
    __rt_lib_shutdown_signal_1               0x080002ad   Thumb Code     0  libshutdown2.o(.ARM.Collect$$libshutdown$$0000000A)
    __rt_lib_shutdown_stdio_1                0x080002ad   Thumb Code     0  libshutdown2.o(.ARM.Collect$$libshutdown$$00000004)
    __rt_lib_shutdown_user_alloc_1           0x080002ad   Thumb Code     0  libshutdown2.o(.ARM.Collect$$libshutdown$$0000000C)
    __rt_entry                               0x080002af   Thumb Code     0  __rtentry.o(.ARM.Collect$$rtentry$$00000000)
    __rt_entry_presh_1                       0x080002af   Thumb Code     0  __rtentry2.o(.ARM.Collect$$rtentry$$00000002)
    __rt_entry_sh                            0x080002af   Thumb Code     0  __rtentry4.o(.ARM.Collect$$rtentry$$00000004)
    __rt_entry_li                            0x080002b5   Thumb Code     0  __rtentry2.o(.ARM.Collect$$rtentry$$0000000A)
    __rt_entry_postsh_1                      0x080002b5   Thumb Code     0  __rtentry2.o(.ARM.Collect$$rtentry$$00000009)
    __rt_entry_main                          0x080002b9   Thumb Code     0  __rtentry2.o(.ARM.Collect$$rtentry$$0000000D)
    __rt_entry_postli_1                      0x080002b9   Thumb Code     0  __rtentry2.o(.ARM.Collect$$rtentry$$0000000C)
    __rt_exit                                0x080002c1   Thumb Code     0  rtexit.o(.ARM.Collect$$rtexit$$00000000)
    __rt_exit_ls                             0x080002c3   Thumb Code     0  rtexit2.o(.ARM.Collect$$rtexit$$00000003)
    __rt_exit_prels_1                        0x080002c3   Thumb Code     0  rtexit2.o(.ARM.Collect$$rtexit$$00000002)
    __rt_exit_exit                           0x080002c7   Thumb Code     0  rtexit2.o(.ARM.Collect$$rtexit$$00000004)
    Reset_Handler                            0x080002cd   Thumb Code     8  startup_stm32f746xx.o(.text)
    ADC_IRQHandler                           0x080002e7   Thumb Code     0  startup_stm32f746xx.o(.text)
    CAN1_RX0_IRQHandler                      0x080002e7   Thumb Code     0  startup_stm32f746xx.o(.text)
    CAN1_RX1_IRQHandler                      0x080002e7   Thumb Code     0  startup_stm32f746xx.o(.text)
    CAN1_SCE_IRQHandler                      0x080002e7   Thumb Code     0  startup_stm32f746xx.o(.text)
    CAN1_TX_IRQHandler                       0x080002e7   Thumb Code     0  startup_stm32f746xx.o(.text)
    CAN2_RX0_IRQHandler                      0x080002e7   Thumb Code     0  startup_stm32f746xx.o(.text)
    CAN2_RX1_IRQHandler                      0x080002e7   Thumb Code     0  startup_stm32f746xx.o(.text)
    CAN2_SCE_IRQHandler                      0x080002e7   Thumb Code     0  startup_stm32f746xx.o(.text)
    CAN2_TX_IRQHandler                       0x080002e7   Thumb Code     0  startup_stm32f746xx.o(.text)
    CEC_IRQHandler                           0x080002e7   Thumb Code     0  startup_stm32f746xx.o(.text)
    DCMI_IRQHandler                          0x080002e7   Thumb Code     0  startup_stm32f746xx.o(.text)
    DMA1_Stream0_IRQHandler                  0x080002e7   Thumb Code     0  startup_stm32f746xx.o(.text)
    DMA1_Stream1_IRQHandler                  0x080002e7   Thumb Code     0  startup_stm32f746xx.o(.text)
    DMA1_Stream2_IRQHandler                  0x080002e7   Thumb Code     0  startup_stm32f746xx.o(.text)
    DMA1_Stream3_IRQHandler                  0x080002e7   Thumb Code     0  startup_stm32f746xx.o(.text)
    DMA1_Stream4_IRQHandler                  0x080002e7   Thumb Code     0  startup_stm32f746xx.o(.text)
    DMA1_Stream5_IRQHandler                  0x080002e7   Thumb Code     0  startup_stm32f746xx.o(.text)
    DMA1_Stream6_IRQHandler                  0x080002e7   Thumb Code     0  startup_stm32f746xx.o(.text)
    DMA1_Stream7_IRQHandler                  0x080002e7   Thumb Code     0  startup_stm32f746xx.o(.text)
    DMA2D_IRQHandler                         0x080002e7   Thumb Code     0  startup_stm32f746xx.o(.text)
    DMA2_Stream0_IRQHandler                  0x080002e7   Thumb Code     0  startup_stm32f746xx.o(.text)
    DMA2_Stream1_IRQHandler                  0x080002e7   Thumb Code     0  startup_stm32f746xx.o(.text)
    DMA2_Stream2_IRQHandler                  0x080002e7   Thumb Code     0  startup_stm32f746xx.o(.text)
    DMA2_Stream3_IRQHandler                  0x080002e7   Thumb Code     0  startup_stm32f746xx.o(.text)
    DMA2_Stream4_IRQHandler                  0x080002e7   Thumb Code     0  startup_stm32f746xx.o(.text)
    DMA2_Stream5_IRQHandler                  0x080002e7   Thumb Code     0  startup_stm32f746xx.o(.text)
    DMA2_Stream6_IRQHandler                  0x080002e7   Thumb Code     0  startup_stm32f746xx.o(.text)
    DMA2_Stream7_IRQHandler                  0x080002e7   Thumb Code     0  startup_stm32f746xx.o(.text)
    ETH_IRQHandler                           0x080002e7   Thumb Code     0  startup_stm32f746xx.o(.text)
    ETH_WKUP_IRQHandler                      0x080002e7   Thumb Code     0  startup_stm32f746xx.o(.text)
    EXTI0_IRQHandler                         0x080002e7   Thumb Code     0  startup_stm32f746xx.o(.text)
    EXTI15_10_IRQHandler                     0x080002e7   Thumb Code     0  startup_stm32f746xx.o(.text)
    EXTI1_IRQHandler                         0x080002e7   Thumb Code     0  startup_stm32f746xx.o(.text)
    EXTI2_IRQHandler                         0x080002e7   Thumb Code     0  startup_stm32f746xx.o(.text)
    EXTI3_IRQHandler                         0x080002e7   Thumb Code     0  startup_stm32f746xx.o(.text)
    EXTI4_IRQHandler                         0x080002e7   Thumb Code     0  startup_stm32f746xx.o(.text)
    EXTI9_5_IRQHandler                       0x080002e7   Thumb Code     0  startup_stm32f746xx.o(.text)
    FLASH_IRQHandler                         0x080002e7   Thumb Code     0  startup_stm32f746xx.o(.text)
    FMC_IRQHandler                           0x080002e7   Thumb Code     0  startup_stm32f746xx.o(.text)
    FPU_IRQHandler                           0x080002e7   Thumb Code     0  startup_stm32f746xx.o(.text)
    I2C1_ER_IRQHandler                       0x080002e7   Thumb Code     0  startup_stm32f746xx.o(.text)
    I2C1_EV_IRQHandler                       0x080002e7   Thumb Code     0  startup_stm32f746xx.o(.text)
    I2C2_ER_IRQHandler                       0x080002e7   Thumb Code     0  startup_stm32f746xx.o(.text)
    I2C2_EV_IRQHandler                       0x080002e7   Thumb Code     0  startup_stm32f746xx.o(.text)
    I2C3_ER_IRQHandler                       0x080002e7   Thumb Code     0  startup_stm32f746xx.o(.text)
    I2C3_EV_IRQHandler                       0x080002e7   Thumb Code     0  startup_stm32f746xx.o(.text)
    I2C4_ER_IRQHandler                       0x080002e7   Thumb Code     0  startup_stm32f746xx.o(.text)
    I2C4_EV_IRQHandler                       0x080002e7   Thumb Code     0  startup_stm32f746xx.o(.text)
    LPTIM1_IRQHandler                        0x080002e7   Thumb Code     0  startup_stm32f746xx.o(.text)
    LTDC_ER_IRQHandler                       0x080002e7   Thumb Code     0  startup_stm32f746xx.o(.text)
    LTDC_IRQHandler                          0x080002e7   Thumb Code     0  startup_stm32f746xx.o(.text)
    OTG_FS_IRQHandler                        0x080002e7   Thumb Code     0  startup_stm32f746xx.o(.text)
    OTG_FS_WKUP_IRQHandler                   0x080002e7   Thumb Code     0  startup_stm32f746xx.o(.text)
    OTG_HS_EP1_IN_IRQHandler                 0x080002e7   Thumb Code     0  startup_stm32f746xx.o(.text)
    OTG_HS_EP1_OUT_IRQHandler                0x080002e7   Thumb Code     0  startup_stm32f746xx.o(.text)
    OTG_HS_IRQHandler                        0x080002e7   Thumb Code     0  startup_stm32f746xx.o(.text)
    OTG_HS_WKUP_IRQHandler                   0x080002e7   Thumb Code     0  startup_stm32f746xx.o(.text)
    PVD_IRQHandler                           0x080002e7   Thumb Code     0  startup_stm32f746xx.o(.text)
    QUADSPI_IRQHandler                       0x080002e7   Thumb Code     0  startup_stm32f746xx.o(.text)
    RCC_IRQHandler                           0x080002e7   Thumb Code     0  startup_stm32f746xx.o(.text)
    RNG_IRQHandler                           0x080002e7   Thumb Code     0  startup_stm32f746xx.o(.text)
    RTC_Alarm_IRQHandler                     0x080002e7   Thumb Code     0  startup_stm32f746xx.o(.text)
    RTC_WKUP_IRQHandler                      0x080002e7   Thumb Code     0  startup_stm32f746xx.o(.text)
    SAI1_IRQHandler                          0x080002e7   Thumb Code     0  startup_stm32f746xx.o(.text)
    SAI2_IRQHandler                          0x080002e7   Thumb Code     0  startup_stm32f746xx.o(.text)
    SDMMC1_IRQHandler                        0x080002e7   Thumb Code     0  startup_stm32f746xx.o(.text)
    SPDIF_RX_IRQHandler                      0x080002e7   Thumb Code     0  startup_stm32f746xx.o(.text)
    SPI1_IRQHandler                          0x080002e7   Thumb Code     0  startup_stm32f746xx.o(.text)
    SPI2_IRQHandler                          0x080002e7   Thumb Code     0  startup_stm32f746xx.o(.text)
    SPI3_IRQHandler                          0x080002e7   Thumb Code     0  startup_stm32f746xx.o(.text)
    SPI4_IRQHandler                          0x080002e7   Thumb Code     0  startup_stm32f746xx.o(.text)
    SPI5_IRQHandler                          0x080002e7   Thumb Code     0  startup_stm32f746xx.o(.text)
    SPI6_IRQHandler                          0x080002e7   Thumb Code     0  startup_stm32f746xx.o(.text)
    TAMP_STAMP_IRQHandler                    0x080002e7   Thumb Code     0  startup_stm32f746xx.o(.text)
    TIM1_BRK_TIM9_IRQHandler                 0x080002e7   Thumb Code     0  startup_stm32f746xx.o(.text)
    TIM1_CC_IRQHandler                       0x080002e7   Thumb Code     0  startup_stm32f746xx.o(.text)
    TIM1_TRG_COM_TIM11_IRQHandler            0x080002e7   Thumb Code     0  startup_stm32f746xx.o(.text)
    TIM1_UP_TIM10_IRQHandler                 0x080002e7   Thumb Code     0  startup_stm32f746xx.o(.text)
    TIM2_IRQHandler                          0x080002e7   Thumb Code     0  startup_stm32f746xx.o(.text)
    TIM3_IRQHandler                          0x080002e7   Thumb Code     0  startup_stm32f746xx.o(.text)
    TIM4_IRQHandler                          0x080002e7   Thumb Code     0  startup_stm32f746xx.o(.text)
    TIM5_IRQHandler                          0x080002e7   Thumb Code     0  startup_stm32f746xx.o(.text)
    TIM6_DAC_IRQHandler                      0x080002e7   Thumb Code     0  startup_stm32f746xx.o(.text)
    TIM7_IRQHandler                          0x080002e7   Thumb Code     0  startup_stm32f746xx.o(.text)
    TIM8_BRK_TIM12_IRQHandler                0x080002e7   Thumb Code     0  startup_stm32f746xx.o(.text)
    TIM8_CC_IRQHandler                       0x080002e7   Thumb Code     0  startup_stm32f746xx.o(.text)
    TIM8_TRG_COM_TIM14_IRQHandler            0x080002e7   Thumb Code     0  startup_stm32f746xx.o(.text)
    TIM8_UP_TIM13_IRQHandler                 0x080002e7   Thumb Code     0  startup_stm32f746xx.o(.text)
    UART4_IRQHandler                         0x080002e7   Thumb Code     0  startup_stm32f746xx.o(.text)
    UART5_IRQHandler                         0x080002e7   Thumb Code     0  startup_stm32f746xx.o(.text)
    UART7_IRQHandler                         0x080002e7   Thumb Code     0  startup_stm32f746xx.o(.text)
    UART8_IRQHandler                         0x080002e7   Thumb Code     0  startup_stm32f746xx.o(.text)
    USART2_IRQHandler                        0x080002e7   Thumb Code     0  startup_stm32f746xx.o(.text)
    USART3_IRQHandler                        0x080002e7   Thumb Code     0  startup_stm32f746xx.o(.text)
    USART6_IRQHandler                        0x080002e7   Thumb Code     0  startup_stm32f746xx.o(.text)
    WWDG_IRQHandler                          0x080002e7   Thumb Code     0  startup_stm32f746xx.o(.text)
    __user_initial_stackheap                 0x080002e9   Thumb Code     0  startup_stm32f746xx.o(.text)
    __2sprintf                               0x0800030d   Thumb Code    34  noretval__2sprintf.o(.text)
    _printf_pre_padding                      0x08000335   Thumb Code    44  _printf_pad.o(.text)
    _printf_post_padding                     0x08000361   Thumb Code    34  _printf_pad.o(.text)
    __printf                                 0x08000383   Thumb Code   270  __printf_wp.o(.text)
    atoi                                     0x08000491   Thumb Code    26  atoi.o(.text)
    strstr                                   0x080004ab   Thumb Code    36  strstr.o(.text)
    __use_two_region_memory                  0x080004cf   Thumb Code     2  heapauxi.o(.text)
    __rt_heap_escrow                         0x080004d1   Thumb Code     2  heapauxi.o(.text)
    __rt_heap_expand                         0x080004d3   Thumb Code     2  heapauxi.o(.text)
    __aeabi_errno_addr                       0x080004d5   Thumb Code     8  rt_errno_addr_intlibspace.o(.text)
    __errno$intlibspace                      0x080004d5   Thumb Code     0  rt_errno_addr_intlibspace.o(.text)
    __rt_errno_addr$intlibspace              0x080004d5   Thumb Code     0  rt_errno_addr_intlibspace.o(.text)
    __lib_sel_fp_printf                      0x080004dd   Thumb Code     2  _printf_fp_dec.o(.text)
    _printf_fp_dec_real                      0x0800068b   Thumb Code   620  _printf_fp_dec.o(.text)
    _printf_char_common                      0x08000903   Thumb Code    32  _printf_char_common.o(.text)
    _sputc                                   0x08000929   Thumb Code    10  _sputc.o(.text)
    strtol                                   0x08000933   Thumb Code   112  strtol.o(.text)
    __user_libspace                          0x080009a5   Thumb Code     8  libspace.o(.text)
    __user_perproc_libspace                  0x080009a5   Thumb Code     0  libspace.o(.text)
    __user_perthread_libspace                0x080009a5   Thumb Code     0  libspace.o(.text)
    __rt_ctype_table                         0x080009ad   Thumb Code    16  rt_ctype_table.o(.text)
    __rt_locale                              0x080009bd   Thumb Code     8  rt_locale_intlibspace.o(.text)
    _ll_udiv10                               0x080009c5   Thumb Code   138  lludiv10.o(.text)
    _printf_fp_infnan                        0x08000a51   Thumb Code   112  _printf_fp_infnan.o(.text)
    _strtoul                                 0x08000ad1   Thumb Code   158  _strtoul.o(.text)
    _btod_etento                             0x08000b71   Thumb Code   216  bigflt0.o(.text)
    __I$use$semihosting                      0x08000c4d   Thumb Code     0  use_no_semi.o(.text)
    __use_no_semihosting_swi                 0x08000c4d   Thumb Code     2  use_no_semi.o(.text)
    __semihosting_library_function           0x08000c4f   Thumb Code     0  indicate_semi.o(.text)
    __user_setup_stackheap                   0x08000c4f   Thumb Code    74  sys_stackheap_outer.o(.text)
    _chval                                   0x08000c99   Thumb Code    28  _chval.o(.text)
    exit                                     0x08000cb5   Thumb Code    18  exit.o(.text)
    strcmp                                   0x08000cc9   Thumb Code   104  strcmpv7m_pel.o(.text)
    _sys_exit                                0x08000d31   Thumb Code     8  sys_exit.o(.text)
    _btod_d2e                                0x08000d3d   Thumb Code    62  btod.o(CL$$btod_d2e)
    _d2e_denorm_low                          0x08000d7b   Thumb Code    70  btod.o(CL$$btod_d2e_denorm_low)
    _d2e_norm_op1                            0x08000dc1   Thumb Code    96  btod.o(CL$$btod_d2e_norm_op1)
    __btod_div_common                        0x08000e21   Thumb Code   696  btod.o(CL$$btod_div_common)
    _e2e                                     0x08001159   Thumb Code   198  btod.o(CL$$btod_e2e)
    _btod_ediv                               0x0800121f   Thumb Code    40  btod.o(CL$$btod_ediv)
    _btod_emul                               0x08001247   Thumb Code    40  btod.o(CL$$btod_emul)
    __btod_mult_common                       0x0800126f   Thumb Code   580  btod.o(CL$$btod_mult_common)
    BusFault_Handler                         0x080014b3   Thumb Code     4  stm32f7xx_it.o(i.BusFault_Handler)
    DebugMon_Handler                         0x080014c3   Thumb Code     2  stm32f7xx_it.o(i.DebugMon_Handler)
    HAL_DMA_Abort_IT                         0x080014f9   Thumb Code    40  stm32f7xx_hal_dma.o(i.HAL_DMA_Abort_IT)
    HAL_Delay                                0x08001521   Thumb Code    54  tm_stm32_delay.o(i.HAL_Delay)
    HAL_GPIO_Init                            0x08001559   Thumb Code   484  stm32f7xx_hal_gpio.o(i.HAL_GPIO_Init)
    HAL_GPIO_WritePin                        0x08001771   Thumb Code    12  stm32f7xx_hal_gpio.o(i.HAL_GPIO_WritePin)
    HAL_GetTick                              0x0800177d   Thumb Code     6  tm_stm32_delay.o(i.HAL_GetTick)
    HAL_IncTick                              0x08001789   Thumb Code   186  tm_stm32_delay.o(i.HAL_IncTick)
    HAL_Init                                 0x08001851   Thumb Code    34  stm32f7xx_hal.o(i.HAL_Init)
    HAL_InitTick                             0x08001879   Thumb Code    36  stm32f7xx_hal.o(i.HAL_InitTick)
    HAL_MspInit                              0x080018a1   Thumb Code    86  stm32f7xx_hal_msp.o(i.HAL_MspInit)
    HAL_NVIC_EnableIRQ                       0x080018f7   Thumb Code    32  stm32f7xx_hal_cortex.o(i.HAL_NVIC_EnableIRQ)
    HAL_NVIC_SetPriority                     0x08001917   Thumb Code   124  stm32f7xx_hal_cortex.o(i.HAL_NVIC_SetPriority)
    HAL_NVIC_SetPriorityGrouping             0x08001995   Thumb Code    32  stm32f7xx_hal_cortex.o(i.HAL_NVIC_SetPriorityGrouping)
    HAL_PWREx_EnableOverDrive                0x080019bd   Thumb Code   136  stm32f7xx_hal_pwr_ex.o(i.HAL_PWREx_EnableOverDrive)
    HAL_RCCEx_PeriphCLKConfig                0x08001a4d   Thumb Code  2322  stm32f7xx_hal_rcc_ex.o(i.HAL_RCCEx_PeriphCLKConfig)
    HAL_RCC_ClockConfig                      0x08002365   Thumb Code   420  stm32f7xx_hal_rcc.o(i.HAL_RCC_ClockConfig)
    HAL_RCC_GetHCLKFreq                      0x08002519   Thumb Code     6  stm32f7xx_hal_rcc.o(i.HAL_RCC_GetHCLKFreq)
    HAL_RCC_GetPCLK1Freq                     0x08002525   Thumb Code    36  stm32f7xx_hal_rcc.o(i.HAL_RCC_GetPCLK1Freq)
    HAL_RCC_GetPCLK2Freq                     0x08002551   Thumb Code    36  stm32f7xx_hal_rcc.o(i.HAL_RCC_GetPCLK2Freq)
    HAL_RCC_GetSysClockFreq                  0x0800257d   Thumb Code   168  stm32f7xx_hal_rcc.o(i.HAL_RCC_GetSysClockFreq)
    HAL_RCC_OscConfig                        0x08002631   Thumb Code  1210  stm32f7xx_hal_rcc.o(i.HAL_RCC_OscConfig)
    HAL_SYSTICK_CLKSourceConfig              0x08002af1   Thumb Code    40  stm32f7xx_hal_cortex.o(i.HAL_SYSTICK_CLKSourceConfig)
    HAL_SYSTICK_Config                       0x08002b19   Thumb Code    52  stm32f7xx_hal_cortex.o(i.HAL_SYSTICK_Config)
    HAL_TIMEx_ConfigBreakDeadTime            0x08002b4d   Thumb Code   104  stm32f7xx_hal_tim_ex.o(i.HAL_TIMEx_ConfigBreakDeadTime)
    HAL_TIMEx_MasterConfigSynchronization    0x08002bb5   Thumb Code    98  stm32f7xx_hal_tim_ex.o(i.HAL_TIMEx_MasterConfigSynchronization)
    HAL_TIM_Base_Init                        0x08002c21   Thumb Code    46  stm32f7xx_hal_tim.o(i.HAL_TIM_Base_Init)
    HAL_TIM_Base_MspInit                     0x08002c51   Thumb Code    40  stm32f7xx_hal_msp.o(i.HAL_TIM_Base_MspInit)
    HAL_TIM_MspPostInit                      0x08002c81   Thumb Code   232  stm32f7xx_hal_msp.o(i.HAL_TIM_MspPostInit)
    HAL_TIM_PWM_ConfigChannel                0x08002d89   Thumb Code   372  stm32f7xx_hal_tim_ex.o(i.HAL_TIM_PWM_ConfigChannel)
    HAL_TIM_PWM_Init                         0x08002efd   Thumb Code    52  stm32f7xx_hal_tim.o(i.HAL_TIM_PWM_Init)
    HAL_TIM_PWM_MspInit                      0x08002f31   Thumb Code   188  stm32f7xx_hal_msp.o(i.HAL_TIM_PWM_MspInit)
    HAL_TIM_PWM_Start                        0x08003001   Thumb Code    68  stm32f7xx_hal_tim.o(i.HAL_TIM_PWM_Start)
    HAL_UART_ErrorCallback                   0x0800304d   Thumb Code     2  stm32f7xx_hal_uart.o(i.HAL_UART_ErrorCallback)
    HAL_UART_IRQHandler                      0x08003051   Thumb Code   344  stm32f7xx_hal_uart.o(i.HAL_UART_IRQHandler)
    HAL_UART_Init                            0x080031ad   Thumb Code   120  stm32f7xx_hal_uart.o(i.HAL_UART_Init)
    HAL_UART_MspInit                         0x08003225   Thumb Code   120  stm32f7xx_hal_msp.o(i.HAL_UART_MspInit)
    HAL_UART_Receive_IT                      0x080032ad   Thumb Code   200  stm32f7xx_hal_uart.o(i.HAL_UART_Receive_IT)
    HAL_UART_RxCpltCallback                  0x08003375   Thumb Code     2  stm32f7xx_hal_uart.o(i.HAL_UART_RxCpltCallback)
    HAL_UART_Transmit_IT                     0x08003377   Thumb Code    90  stm32f7xx_hal_uart.o(i.HAL_UART_Transmit_IT)
    HAL_UART_TxCpltCallback                  0x080033d1   Thumb Code     2  stm32f7xx_hal_uart.o(i.HAL_UART_TxCpltCallback)
    HardFault_Handler                        0x080033d3   Thumb Code     4  stm32f7xx_it.o(i.HardFault_Handler)
    LED_Initialize                           0x080033d9   Thumb Code    62  led_746g_discovery.o(i.LED_Initialize)
    LED_Off                                  0x08003421   Thumb Code    28  led_746g_discovery.o(i.LED_Off)
    LED_On                                   0x08003441   Thumb Code    28  led_746g_discovery.o(i.LED_On)
    MemManage_Handler                        0x080037c9   Thumb Code     4  stm32f7xx_it.o(i.MemManage_Handler)
    NMI_Handler                              0x080037cd   Thumb Code     2  stm32f7xx_it.o(i.NMI_Handler)
    PWM_integer                              0x08003809   Thumb Code   134  main.o(i.PWM_integer)
    PendSV_Handler                           0x08003895   Thumb Code     2  stm32f7xx_it.o(i.PendSV_Handler)
    SVC_Handler                              0x080039b1   Thumb Code     2  stm32f7xx_it.o(i.SVC_Handler)
    SysTick_Handler                          0x080039b3   Thumb Code     8  stm32f7xx_it.o(i.SysTick_Handler)
    SystemInit                               0x08003a95   Thumb Code    82  system_stm32f7xx.o(i.SystemInit)
    TIM_Base_SetConfig                       0x08003af9   Thumb Code   184  stm32f7xx_hal_tim.o(i.TIM_Base_SetConfig)
    TIM_CCxChannelCmd                        0x08003bdd   Thumb Code    28  stm32f7xx_hal_tim.o(i.TIM_CCxChannelCmd)
    TIM_OC1_SetConfig                        0x08003bf9   Thumb Code   102  stm32f7xx_hal_tim.o(i.TIM_OC1_SetConfig)
    TIM_OC2_SetConfig                        0x08003c6d   Thumb Code   112  stm32f7xx_hal_tim.o(i.TIM_OC2_SetConfig)
    TIM_OC3_SetConfig                        0x08003ce9   Thumb Code   110  stm32f7xx_hal_tim.o(i.TIM_OC3_SetConfig)
    TIM_OC4_SetConfig                        0x08003d65   Thumb Code    88  stm32f7xx_hal_tim.o(i.TIM_OC4_SetConfig)
    TM_DELAY_1msHandler                      0x08003e79   Thumb Code     2  tm_stm32_delay.o(i.TM_DELAY_1msHandler)
    TM_DELAY_Init                            0x08003e7d   Thumb Code    64  tm_stm32_delay.o(i.TM_DELAY_Init)
    TM_DS18B20_AllDone                       0x08003ec5   Thumb Code    12  tm_stm32_ds18b20.o(i.TM_DS18B20_AllDone)
    TM_DS18B20_Is                            0x08003ed1   Thumb Code    16  tm_stm32_ds18b20.o(i.TM_DS18B20_Is)
    TM_DS18B20_Read                          0x08003ee1   Thumb Code   374  tm_stm32_ds18b20.o(i.TM_DS18B20_Read)
    TM_DS18B20_SetResolution                 0x08004065   Thumb Code   208  tm_stm32_ds18b20.o(i.TM_DS18B20_SetResolution)
    TM_DS18B20_StartAll                      0x08004135   Thumb Code    28  tm_stm32_ds18b20.o(i.TM_DS18B20_StartAll)
    TM_GPIO_GetPortSource                    0x08004151   Thumb Code    14  tm_stm32_gpio.o(i.TM_GPIO_GetPortSource)
    TM_GPIO_INT_EnableClock                  0x08004161   Thumb Code    28  tm_stm32_gpio.o(i.TM_GPIO_INT_EnableClock)
    TM_GPIO_INT_Init                         0x08004181   Thumb Code   170  tm_stm32_gpio.o(i.TM_GPIO_INT_Init)
    TM_GPIO_Init                             0x08004231   Thumb Code    48  tm_stm32_gpio.o(i.TM_GPIO_Init)
    TM_GPIO_SetPinAsInput                    0x08004261   Thumb Code    38  tm_stm32_gpio.o(i.TM_GPIO_SetPinAsInput)
    TM_GPIO_SetPinAsOutput                   0x08004287   Thumb Code    46  tm_stm32_gpio.o(i.TM_GPIO_SetPinAsOutput)
    TM_OneWire_CRC8                          0x080042b5   Thumb Code    56  tm_stm32_onewire.o(i.TM_OneWire_CRC8)
    TM_OneWire_First                         0x080042ed   Thumb Code    20  tm_stm32_onewire.o(i.TM_OneWire_First)
    TM_OneWire_GetFullROM                    0x08004301   Thumb Code    24  tm_stm32_onewire.o(i.TM_OneWire_GetFullROM)
    TM_OneWire_Init                          0x08004319   Thumb Code    36  tm_stm32_onewire.o(i.TM_OneWire_Init)
    TM_OneWire_Next                          0x0800433d   Thumb Code    14  tm_stm32_onewire.o(i.TM_OneWire_Next)
    TM_OneWire_ReadBit                       0x0800434b   Thumb Code    72  tm_stm32_onewire.o(i.TM_OneWire_ReadBit)
    TM_OneWire_ReadByte                      0x08004393   Thumb Code    38  tm_stm32_onewire.o(i.TM_OneWire_ReadByte)
    TM_OneWire_Reset                         0x080043b9   Thumb Code    72  tm_stm32_onewire.o(i.TM_OneWire_Reset)
    TM_OneWire_ResetSearch                   0x08004401   Thumb Code    10  tm_stm32_onewire.o(i.TM_OneWire_ResetSearch)
    TM_OneWire_Search                        0x0800440b   Thumb Code   264  tm_stm32_onewire.o(i.TM_OneWire_Search)
    TM_OneWire_SelectWithPointer             0x08004513   Thumb Code    36  tm_stm32_onewire.o(i.TM_OneWire_SelectWithPointer)
    TM_OneWire_WriteBit                      0x08004537   Thumb Code   100  tm_stm32_onewire.o(i.TM_OneWire_WriteBit)
    TM_OneWire_WriteByte                     0x0800459b   Thumb Code    34  tm_stm32_onewire.o(i.TM_OneWire_WriteByte)
    UART_AdvFeatureConfig                    0x080045bd   Thumb Code   234  stm32f7xx_hal_uart.o(i.UART_AdvFeatureConfig)
    UART_CheckIdleState                      0x080046a7   Thumb Code   116  stm32f7xx_hal_uart.o(i.UART_CheckIdleState)
    UART_SetConfig                           0x080047fd   Thumb Code   858  stm32f7xx_hal_uart.o(i.UART_SetConfig)
    UART_WaitOnFlagUntilTimeout              0x08004bf3   Thumb Code   108  stm32f7xx_hal_uart.o(i.UART_WaitOnFlagUntilTimeout)
    USART1_IRQHandler                        0x08004c61   Thumb Code    10  stm32f7xx_it.o(i.USART1_IRQHandler)
    UsageFault_Handler                       0x08004c71   Thumb Code     4  stm32f7xx_it.o(i.UsageFault_Handler)
    __ARM_fpclassify                         0x08004c75   Thumb Code    48  fpclassify.o(i.__ARM_fpclassify)
    _is_digit                                0x08004ca5   Thumb Code    14  __printf_wp.o(i._is_digit)
    main                                     0x08004cb5   Thumb Code  1420  main.o(i.main)
    setPWM                                   0x08005261   Thumb Code   116  main.o(i.setPWM)
    _get_lc_numeric                          0x08005319   Thumb Code    44  lc_numeric_c.o(locale$$code)
    _get_lc_ctype                            0x08005345   Thumb Code    44  lc_ctype_c.o(locale$$code)
    __fpl_dretinf                            0x08005371   Thumb Code    12  dretinf.o(x$fpl$dretinf)
    __aeabi_f2d                              0x0800537d   Thumb Code     0  f2d.o(x$fpl$f2d)
    _f2d                                     0x0800537d   Thumb Code    86  f2d.o(x$fpl$f2d)
    __fpl_fnaninf                            0x080053d3   Thumb Code   140  fnaninf.o(x$fpl$fnaninf)
    _fp_init                                 0x0800545f   Thumb Code    10  fpinit.o(x$fpl$fpinit)
    __fplib_config_fpu_vfp                   0x08005467   Thumb Code     0  fpinit.o(x$fpl$fpinit)
    __fplib_config_pureend_doubles           0x08005467   Thumb Code     0  fpinit.o(x$fpl$fpinit)
    _printf_fp_dec                           0x08005469   Thumb Code     4  printf1.o(x$fpl$printf1)
    __I$use$fp                               0x0800546c   Number         0  usenofp.o(x$fpl$usenofp)
    AHBPrescTable                            0x08005480   Data          16  system_stm32f7xx.o(.constdata)
    APBPrescTable                            0x08005490   Data           8  system_stm32f7xx.o(.constdata)
    Region$$Table$$Base                      0x0800558c   Number         0  anon$$obj.o(Region$$Table)
    Region$$Table$$Limit                     0x080055ac   Number         0  anon$$obj.o(Region$$Table)
    __ctype                                  0x080055d5   Data           0  lc_ctype_c.o(locale$$data)
    termometr1                               0x20010000   Data           8  main.o(.data)
    termometr2                               0x20010008   Data           8  main.o(.data)
    termometr3                               0x20010010   Data           8  main.o(.data)
    termometr4                               0x20010018   Data           8  main.o(.data)
    termometr5                               0x20010020   Data           8  main.o(.data)
    termometr6                               0x20010028   Data           8  main.o(.data)
    termometr7                               0x20010030   Data           8  main.o(.data)
    termometr8                               0x20010038   Data           8  main.o(.data)
    termometr9                               0x20010040   Data           8  main.o(.data)
    termometr10                              0x20010048   Data           8  main.o(.data)
    temp1                                    0x20010050   Data           4  main.o(.data)
    temp2                                    0x20010054   Data           4  main.o(.data)
    temp3                                    0x20010058   Data           4  main.o(.data)
    temp4                                    0x2001005c   Data           4  main.o(.data)
    temp5                                    0x20010060   Data           4  main.o(.data)
    temp6                                    0x20010064   Data           4  main.o(.data)
    temp7                                    0x20010068   Data           4  main.o(.data)
    temp8                                    0x2001006c   Data           4  main.o(.data)
    temp9                                    0x20010070   Data           4  main.o(.data)
    temp10                                   0x20010074   Data           4  main.o(.data)
    address                                  0x20010078   Data           8  main.o(.data)
    devices                                  0x20010080   Data           1  main.o(.data)
    count                                    0x20010081   Data           1  main.o(.data)
    PWM1                                     0x20010084   Data           4  main.o(.data)
    PWM2                                     0x20010088   Data           4  main.o(.data)
    PWM3                                     0x2001008c   Data           4  main.o(.data)
    PWM4                                     0x20010090   Data           4  main.o(.data)
    PWM5                                     0x20010094   Data           4  main.o(.data)
    PWM6                                     0x20010098   Data           4  main.o(.data)
    aRxBuffer                                0x2001009c   Data          80  main.o(.data)
    aTxBuffer                                0x200100ec   Data         123  main.o(.data)
    czas_pocz                                0x20010168   Data           4  main.o(.data)
    czas_konc                                0x2001016c   Data           4  main.o(.data)
    lpp                                      0x20010170   Data           4  main.o(.data)
    i                                        0x20010174   Data           4  main.o(.data)
    zabezp                                   0x20010178   Data           1  main.o(.data)
    temp_kryt                                0x2001017c   Data           4  main.o(.data)
    TM_TIME2                                 0x20010180   Data           4  tm_stm32_delay.o(.data)
    TM_TIME                                  0x20010184   Data           4  tm_stm32_delay.o(.data)
    SystemCoreClock                          0x20010188   Data           4  system_stm32f7xx.o(.data)
    GPIO_InitStruct                          0x2001018c   Data          20  main.o(.bss)
    OneWire1                                 0x200101a0   Data          20  main.o(.bss)
    htim2                                    0x200101b4   Data          60  main.o(.bss)
    htim3                                    0x200101f0   Data          60  main.o(.bss)
    htim8                                    0x2001022c   Data          60  main.o(.bss)
    htim11                                   0x20010268   Data          60  main.o(.bss)
    htim12                                   0x200102a4   Data          60  main.o(.bss)
    htim4                                    0x200102e0   Data          60  main.o(.bss)
    huart1                                   0x2001031c   Data         112  main.o(.bss)
    __libspace_start                         0x200103c0   Data          96  libspace.o(.bss)
    __temporary_stack_top$libspace           0x20010420   Data           0  libspace.o(.bss)



==============================================================================

Memory Map of the image

  Image Entry point : 0x080001c9

  Load Region LR_IROM1 (Base: 0x08000000, Size: 0x00005864, Max: 0x00100000, ABSOLUTE, COMPRESSED[0x00005734])

    Execution Region ER_IROM1 (Base: 0x08000000, Size: 0x000056d8, Max: 0x00100000, ABSOLUTE)

    Base Addr    Size         Type   Attr      Idx    E Section Name        Object

    0x08000000   0x000001c8   Data   RO         4735    RESET               startup_stm32f746xx.o
    0x080001c8   0x00000008   Code   RO         4879  * !!!main             c_w.l(__main.o)
    0x080001d0   0x00000034   Code   RO         5159    !!!scatter          c_w.l(__scatter.o)
    0x08000204   0x0000005a   Code   RO         5157    !!dczerorl2         c_w.l(__dczerorl2.o)
    0x0800025e   0x00000002   PAD
    0x08000260   0x0000001c   Code   RO         5161    !!handler_zi        c_w.l(__scatter_zi.o)
    0x0800027c   0x00000000   Code   RO         4870    .ARM.Collect$$_printf_percent$$00000000  c_w.l(_printf_percent.o)
    0x0800027c   0x00000006   Code   RO         4869    .ARM.Collect$$_printf_percent$$00000003  c_w.l(_printf_f.o)
    0x08000282   0x00000004   Code   RO         4924    .ARM.Collect$$_printf_percent$$00000017  c_w.l(_printf_percent_end.o)
    0x08000286   0x00000002   Code   RO         5096    .ARM.Collect$$libinit$$00000000  c_w.l(libinit.o)
    0x08000288   0x00000004   Code   RO         4929    .ARM.Collect$$libinit$$00000001  c_w.l(libinit2.o)
    0x0800028c   0x00000000   Code   RO         4932    .ARM.Collect$$libinit$$00000004  c_w.l(libinit2.o)
    0x0800028c   0x00000000   Code   RO         4935    .ARM.Collect$$libinit$$0000000A  c_w.l(libinit2.o)
    0x0800028c   0x00000000   Code   RO         4937    .ARM.Collect$$libinit$$0000000C  c_w.l(libinit2.o)
    0x0800028c   0x00000000   Code   RO         4939    .ARM.Collect$$libinit$$0000000E  c_w.l(libinit2.o)
    0x0800028c   0x00000006   Code   RO         4940    .ARM.Collect$$libinit$$0000000F  c_w.l(libinit2.o)
    0x08000292   0x00000000   Code   RO         4942    .ARM.Collect$$libinit$$00000011  c_w.l(libinit2.o)
    0x08000292   0x0000000c   Code   RO         4943    .ARM.Collect$$libinit$$00000012  c_w.l(libinit2.o)
    0x0800029e   0x00000000   Code   RO         4944    .ARM.Collect$$libinit$$00000013  c_w.l(libinit2.o)
    0x0800029e   0x00000000   Code   RO         4946    .ARM.Collect$$libinit$$00000015  c_w.l(libinit2.o)
    0x0800029e   0x0000000a   Code   RO         4947    .ARM.Collect$$libinit$$00000016  c_w.l(libinit2.o)
    0x080002a8   0x00000000   Code   RO         4948    .ARM.Collect$$libinit$$00000017  c_w.l(libinit2.o)
    0x080002a8   0x00000000   Code   RO         4950    .ARM.Collect$$libinit$$00000019  c_w.l(libinit2.o)
    0x080002a8   0x00000000   Code   RO         4952    .ARM.Collect$$libinit$$0000001B  c_w.l(libinit2.o)
    0x080002a8   0x00000000   Code   RO         4954    .ARM.Collect$$libinit$$0000001D  c_w.l(libinit2.o)
    0x080002a8   0x00000000   Code   RO         4956    .ARM.Collect$$libinit$$0000001F  c_w.l(libinit2.o)
    0x080002a8   0x00000000   Code   RO         4958    .ARM.Collect$$libinit$$00000021  c_w.l(libinit2.o)
    0x080002a8   0x00000000   Code   RO         4960    .ARM.Collect$$libinit$$00000023  c_w.l(libinit2.o)
    0x080002a8   0x00000000   Code   RO         4962    .ARM.Collect$$libinit$$00000025  c_w.l(libinit2.o)
    0x080002a8   0x00000000   Code   RO         4966    .ARM.Collect$$libinit$$0000002C  c_w.l(libinit2.o)
    0x080002a8   0x00000000   Code   RO         4968    .ARM.Collect$$libinit$$0000002E  c_w.l(libinit2.o)
    0x080002a8   0x00000000   Code   RO         4970    .ARM.Collect$$libinit$$00000030  c_w.l(libinit2.o)
    0x080002a8   0x00000000   Code   RO         4972    .ARM.Collect$$libinit$$00000032  c_w.l(libinit2.o)
    0x080002a8   0x00000002   Code   RO         4973    .ARM.Collect$$libinit$$00000033  c_w.l(libinit2.o)
    0x080002aa   0x00000002   Code   RO         5154    .ARM.Collect$$libshutdown$$00000000  c_w.l(libshutdown.o)
    0x080002ac   0x00000000   Code   RO         5110    .ARM.Collect$$libshutdown$$00000002  c_w.l(libshutdown2.o)
    0x080002ac   0x00000000   Code   RO         5112    .ARM.Collect$$libshutdown$$00000004  c_w.l(libshutdown2.o)
    0x080002ac   0x00000000   Code   RO         5115    .ARM.Collect$$libshutdown$$00000007  c_w.l(libshutdown2.o)
    0x080002ac   0x00000000   Code   RO         5118    .ARM.Collect$$libshutdown$$0000000A  c_w.l(libshutdown2.o)
    0x080002ac   0x00000000   Code   RO         5120    .ARM.Collect$$libshutdown$$0000000C  c_w.l(libshutdown2.o)
    0x080002ac   0x00000000   Code   RO         5123    .ARM.Collect$$libshutdown$$0000000F  c_w.l(libshutdown2.o)
    0x080002ac   0x00000002   Code   RO         5124    .ARM.Collect$$libshutdown$$00000010  c_w.l(libshutdown2.o)
    0x080002ae   0x00000000   Code   RO         4887    .ARM.Collect$$rtentry$$00000000  c_w.l(__rtentry.o)
    0x080002ae   0x00000000   Code   RO         4985    .ARM.Collect$$rtentry$$00000002  c_w.l(__rtentry2.o)
    0x080002ae   0x00000006   Code   RO         4997    .ARM.Collect$$rtentry$$00000004  c_w.l(__rtentry4.o)
    0x080002b4   0x00000000   Code   RO         4987    .ARM.Collect$$rtentry$$00000009  c_w.l(__rtentry2.o)
    0x080002b4   0x00000004   Code   RO         4988    .ARM.Collect$$rtentry$$0000000A  c_w.l(__rtentry2.o)
    0x080002b8   0x00000000   Code   RO         4990    .ARM.Collect$$rtentry$$0000000C  c_w.l(__rtentry2.o)
    0x080002b8   0x00000008   Code   RO         4991    .ARM.Collect$$rtentry$$0000000D  c_w.l(__rtentry2.o)
    0x080002c0   0x00000002   Code   RO         5099    .ARM.Collect$$rtexit$$00000000  c_w.l(rtexit.o)
    0x080002c2   0x00000000   Code   RO         5128    .ARM.Collect$$rtexit$$00000002  c_w.l(rtexit2.o)
    0x080002c2   0x00000004   Code   RO         5129    .ARM.Collect$$rtexit$$00000003  c_w.l(rtexit2.o)
    0x080002c6   0x00000006   Code   RO         5130    .ARM.Collect$$rtexit$$00000004  c_w.l(rtexit2.o)
    0x080002cc   0x00000040   Code   RO         4736    .text               startup_stm32f746xx.o
    0x0800030c   0x00000028   Code   RO         4843    .text               c_w.l(noretval__2sprintf.o)
    0x08000334   0x0000004e   Code   RO         4847    .text               c_w.l(_printf_pad.o)
    0x08000382   0x0000010e   Code   RO         4857    .text               c_w.l(__printf_wp.o)
    0x08000490   0x0000001a   Code   RO         4871    .text               c_w.l(atoi.o)
    0x080004aa   0x00000024   Code   RO         4873    .text               c_w.l(strstr.o)
    0x080004ce   0x00000006   Code   RO         4877    .text               c_w.l(heapauxi.o)
    0x080004d4   0x00000008   Code   RO         4896    .text               c_w.l(rt_errno_addr_intlibspace.o)
    0x080004dc   0x0000041a   Code   RO         4918    .text               c_w.l(_printf_fp_dec.o)
    0x080008f6   0x00000002   PAD
    0x080008f8   0x00000030   Code   RO         4920    .text               c_w.l(_printf_char_common.o)
    0x08000928   0x0000000a   Code   RO         4922    .text               c_w.l(_sputc.o)
    0x08000932   0x00000070   Code   RO         4925    .text               c_w.l(strtol.o)
    0x080009a2   0x00000002   PAD
    0x080009a4   0x00000008   Code   RO         4981    .text               c_w.l(libspace.o)
    0x080009ac   0x00000010   Code   RO         4999    .text               c_w.l(rt_ctype_table.o)
    0x080009bc   0x00000008   Code   RO         5004    .text               c_w.l(rt_locale_intlibspace.o)
    0x080009c4   0x0000008a   Code   RO         5014    .text               c_w.l(lludiv10.o)
    0x08000a4e   0x00000002   PAD
    0x08000a50   0x00000080   Code   RO         5016    .text               c_w.l(_printf_fp_infnan.o)
    0x08000ad0   0x0000009e   Code   RO         5020    .text               c_w.l(_strtoul.o)
    0x08000b6e   0x00000002   PAD
    0x08000b70   0x000000dc   Code   RO         5022    .text               c_w.l(bigflt0.o)
    0x08000c4c   0x00000002   Code   RO         5065    .text               c_w.l(use_no_semi.o)
    0x08000c4e   0x00000000   Code   RO         5067    .text               c_w.l(indicate_semi.o)
    0x08000c4e   0x0000004a   Code   RO         5068    .text               c_w.l(sys_stackheap_outer.o)
    0x08000c98   0x0000001c   Code   RO         5074    .text               c_w.l(_chval.o)
    0x08000cb4   0x00000012   Code   RO         5079    .text               c_w.l(exit.o)
    0x08000cc6   0x00000002   PAD
    0x08000cc8   0x00000068   Code   RO         5085    .text               c_w.l(strcmpv7m_pel.o)
    0x08000d30   0x0000000c   Code   RO         5097    .text               c_w.l(sys_exit.o)
    0x08000d3c   0x0000003e   Code   RO         5025    CL$$btod_d2e        c_w.l(btod.o)
    0x08000d7a   0x00000046   Code   RO         5027    CL$$btod_d2e_denorm_low  c_w.l(btod.o)
    0x08000dc0   0x00000060   Code   RO         5026    CL$$btod_d2e_norm_op1  c_w.l(btod.o)
    0x08000e20   0x00000338   Code   RO         5035    CL$$btod_div_common  c_w.l(btod.o)
    0x08001158   0x000000c6   Code   RO         5032    CL$$btod_e2e        c_w.l(btod.o)
    0x0800121e   0x00000028   Code   RO         5029    CL$$btod_ediv       c_w.l(btod.o)
    0x08001246   0x00000028   Code   RO         5028    CL$$btod_emul       c_w.l(btod.o)
    0x0800126e   0x00000244   Code   RO         5034    CL$$btod_mult_common  c_w.l(btod.o)
    0x080014b2   0x00000004   Code   RO          261    i.BusFault_Handler  stm32f7xx_it.o
    0x080014b6   0x0000000c   Code   RO            4    i.CPU_CACHE_Enable  main.o
    0x080014c2   0x00000002   Code   RO          262    i.DebugMon_Handler  stm32f7xx_it.o
    0x080014c4   0x00000030   Code   RO          775    i.Delay             tm_stm32_onewire.o
    0x080014f4   0x00000004   Code   RO            5    i.Error_Handler     main.o
    0x080014f8   0x00000028   Code   RO         1260    i.HAL_DMA_Abort_IT  stm32f7xx_hal_dma.o
    0x08001520   0x00000036   Code   RO          581    i.HAL_Delay         tm_stm32_delay.o
    0x08001556   0x00000002   PAD
    0x08001558   0x00000218   Code   RO         1830    i.HAL_GPIO_Init     stm32f7xx_hal_gpio.o
    0x08001770   0x0000000c   Code   RO         1834    i.HAL_GPIO_WritePin  stm32f7xx_hal_gpio.o
    0x0800177c   0x0000000c   Code   RO          582    i.HAL_GetTick       tm_stm32_delay.o
    0x08001788   0x000000c8   Code   RO          583    i.HAL_IncTick       tm_stm32_delay.o
    0x08001850   0x00000028   Code   RO          986    i.HAL_Init          stm32f7xx_hal.o
    0x08001878   0x00000028   Code   RO          987    i.HAL_InitTick      stm32f7xx_hal.o
    0x080018a0   0x00000056   Code   RO          350    i.HAL_MspInit       stm32f7xx_hal_msp.o
    0x080018f6   0x00000020   Code   RO         1131    i.HAL_NVIC_EnableIRQ  stm32f7xx_hal_cortex.o
    0x08001916   0x0000007c   Code   RO         1137    i.HAL_NVIC_SetPriority  stm32f7xx_hal_cortex.o
    0x08001992   0x00000002   PAD
    0x08001994   0x00000028   Code   RO         1138    i.HAL_NVIC_SetPriorityGrouping  stm32f7xx_hal_cortex.o
    0x080019bc   0x00000090   Code   RO         2756    i.HAL_PWREx_EnableOverDrive  stm32f7xx_hal_pwr_ex.o
    0x08001a4c   0x00000918   Code   RO         2946    i.HAL_RCCEx_PeriphCLKConfig  stm32f7xx_hal_rcc_ex.o
    0x08002364   0x000001b4   Code   RO         2843    i.HAL_RCC_ClockConfig  stm32f7xx_hal_rcc.o
    0x08002518   0x0000000c   Code   RO         2848    i.HAL_RCC_GetHCLKFreq  stm32f7xx_hal_rcc.o
    0x08002524   0x0000002c   Code   RO         2850    i.HAL_RCC_GetPCLK1Freq  stm32f7xx_hal_rcc.o
    0x08002550   0x0000002c   Code   RO         2851    i.HAL_RCC_GetPCLK2Freq  stm32f7xx_hal_rcc.o
    0x0800257c   0x000000b4   Code   RO         2852    i.HAL_RCC_GetSysClockFreq  stm32f7xx_hal_rcc.o
    0x08002630   0x000004c0   Code   RO         2855    i.HAL_RCC_OscConfig  stm32f7xx_hal_rcc.o
    0x08002af0   0x00000028   Code   RO         1140    i.HAL_SYSTICK_CLKSourceConfig  stm32f7xx_hal_cortex.o
    0x08002b18   0x00000034   Code   RO         1142    i.HAL_SYSTICK_Config  stm32f7xx_hal_cortex.o
    0x08002b4c   0x00000068   Code   RO         3783    i.HAL_TIMEx_ConfigBreakDeadTime  stm32f7xx_hal_tim_ex.o
    0x08002bb4   0x0000006c   Code   RO         3799    i.HAL_TIMEx_MasterConfigSynchronization  stm32f7xx_hal_tim_ex.o
    0x08002c20   0x0000002e   Code   RO         3138    i.HAL_TIM_Base_Init  stm32f7xx_hal_tim.o
    0x08002c4e   0x00000002   PAD
    0x08002c50   0x00000030   Code   RO          352    i.HAL_TIM_Base_MspInit  stm32f7xx_hal_msp.o
    0x08002c80   0x00000108   Code   RO          353    i.HAL_TIM_MspPostInit  stm32f7xx_hal_msp.o
    0x08002d88   0x00000174   Code   RO         3819    i.HAL_TIM_PWM_ConfigChannel  stm32f7xx_hal_tim_ex.o
    0x08002efc   0x00000034   Code   RO         3207    i.HAL_TIM_PWM_Init  stm32f7xx_hal_tim.o
    0x08002f30   0x000000d0   Code   RO          355    i.HAL_TIM_PWM_MspInit  stm32f7xx_hal_msp.o
    0x08003000   0x0000004c   Code   RO         3211    i.HAL_TIM_PWM_Start  stm32f7xx_hal_tim.o
    0x0800304c   0x00000002   Code   RO         4069    i.HAL_UART_ErrorCallback  stm32f7xx_hal_uart.o
    0x0800304e   0x00000002   PAD
    0x08003050   0x0000015c   Code   RO         4072    i.HAL_UART_IRQHandler  stm32f7xx_hal_uart.o
    0x080031ac   0x00000078   Code   RO         4073    i.HAL_UART_Init     stm32f7xx_hal_uart.o
    0x08003224   0x00000088   Code   RO          357    i.HAL_UART_MspInit  stm32f7xx_hal_msp.o
    0x080032ac   0x000000c8   Code   RO         4078    i.HAL_UART_Receive_IT  stm32f7xx_hal_uart.o
    0x08003374   0x00000002   Code   RO         4079    i.HAL_UART_RxCpltCallback  stm32f7xx_hal_uart.o
    0x08003376   0x0000005a   Code   RO         4083    i.HAL_UART_Transmit_IT  stm32f7xx_hal_uart.o
    0x080033d0   0x00000002   Code   RO         4084    i.HAL_UART_TxCpltCallback  stm32f7xx_hal_uart.o
    0x080033d2   0x00000004   Code   RO          263    i.HardFault_Handler  stm32f7xx_it.o
    0x080033d6   0x00000002   PAD
    0x080033d8   0x00000048   Code   RO          911    i.LED_Initialize    led_746g_discovery.o
    0x08003420   0x00000020   Code   RO          912    i.LED_Off           led_746g_discovery.o
    0x08003440   0x00000020   Code   RO          913    i.LED_On            led_746g_discovery.o
    0x08003460   0x0000008c   Code   RO            7    i.MX_GPIO_Init      main.o
    0x080034ec   0x00000060   Code   RO            8    i.MX_TIM11_Init     main.o
    0x0800354c   0x00000064   Code   RO            9    i.MX_TIM12_Init     main.o
    0x080035b0   0x00000068   Code   RO           10    i.MX_TIM2_Init      main.o
    0x08003618   0x00000068   Code   RO           11    i.MX_TIM3_Init      main.o
    0x08003680   0x00000068   Code   RO           12    i.MX_TIM4_Init      main.o
    0x080036e8   0x000000a0   Code   RO           13    i.MX_TIM8_Init      main.o
    0x08003788   0x00000040   Code   RO           14    i.MX_USART1_UART_Init  main.o
    0x080037c8   0x00000004   Code   RO          264    i.MemManage_Handler  stm32f7xx_it.o
    0x080037cc   0x00000002   Code   RO          265    i.NMI_Handler       stm32f7xx_it.o
    0x080037ce   0x00000002   PAD
    0x080037d0   0x00000010   Code   RO         1144    i.NVIC_GetPriorityGrouping  stm32f7xx_hal_cortex.o
    0x080037e0   0x00000028   Code   RO         1145    i.NVIC_SetPriority  stm32f7xx_hal_cortex.o
    0x08003808   0x0000008c   Code   RO           15    i.PWM_integer       main.o
    0x08003894   0x00000002   Code   RO          266    i.PendSV_Handler    stm32f7xx_it.o
    0x08003896   0x00000002   PAD
    0x08003898   0x0000009c   Code   RO           16    i.SCB_EnableDCache  main.o
    0x08003934   0x0000007c   Code   RO           17    i.SCB_EnableICache  main.o
    0x080039b0   0x00000002   Code   RO          267    i.SVC_Handler       stm32f7xx_it.o
    0x080039b2   0x00000008   Code   RO          268    i.SysTick_Handler   stm32f7xx_it.o
    0x080039ba   0x00000002   PAD
    0x080039bc   0x000000d8   Code   RO           18    i.SystemClock_Config  main.o
    0x08003a94   0x00000064   Code   RO         4744    i.SystemInit        system_stm32f7xx.o
    0x08003af8   0x000000e4   Code   RO         3222    i.TIM_Base_SetConfig  stm32f7xx_hal_tim.o
    0x08003bdc   0x0000001c   Code   RO         3223    i.TIM_CCxChannelCmd  stm32f7xx_hal_tim.o
    0x08003bf8   0x00000074   Code   RO         3231    i.TIM_OC1_SetConfig  stm32f7xx_hal_tim.o
    0x08003c6c   0x0000007c   Code   RO         3232    i.TIM_OC2_SetConfig  stm32f7xx_hal_tim.o
    0x08003ce8   0x0000007c   Code   RO         3233    i.TIM_OC3_SetConfig  stm32f7xx_hal_tim.o
    0x08003d64   0x00000064   Code   RO         3234    i.TIM_OC4_SetConfig  stm32f7xx_hal_tim.o
    0x08003dc8   0x00000058   Code   RO         3822    i.TIM_OC5_SetConfig  stm32f7xx_hal_tim_ex.o
    0x08003e20   0x00000058   Code   RO         3823    i.TIM_OC6_SetConfig  stm32f7xx_hal_tim_ex.o
    0x08003e78   0x00000002   Code   RO          584    i.TM_DELAY_1msHandler  tm_stm32_delay.o
    0x08003e7a   0x00000002   PAD
    0x08003e7c   0x00000048   Code   RO          585    i.TM_DELAY_Init     tm_stm32_delay.o
    0x08003ec4   0x0000000c   Code   RO          682    i.TM_DS18B20_AllDone  tm_stm32_ds18b20.o
    0x08003ed0   0x00000010   Code   RO          685    i.TM_DS18B20_Is     tm_stm32_ds18b20.o
    0x08003ee0   0x00000184   Code   RO          686    i.TM_DS18B20_Read   tm_stm32_ds18b20.o
    0x08004064   0x000000d0   Code   RO          689    i.TM_DS18B20_SetResolution  tm_stm32_ds18b20.o
    0x08004134   0x0000001c   Code   RO          691    i.TM_DS18B20_StartAll  tm_stm32_ds18b20.o
    0x08004150   0x0000000e   Code   RO          419    i.TM_GPIO_GetPortSource  tm_stm32_gpio.o
    0x0800415e   0x00000002   PAD
    0x08004160   0x00000020   Code   RO          422    i.TM_GPIO_INT_EnableClock  tm_stm32_gpio.o
    0x08004180   0x000000b0   Code   RO          423    i.TM_GPIO_INT_Init  tm_stm32_gpio.o
    0x08004230   0x00000030   Code   RO          424    i.TM_GPIO_Init      tm_stm32_gpio.o
    0x08004260   0x00000026   Code   RO          429    i.TM_GPIO_SetPinAsInput  tm_stm32_gpio.o
    0x08004286   0x0000002e   Code   RO          430    i.TM_GPIO_SetPinAsOutput  tm_stm32_gpio.o
    0x080042b4   0x00000038   Code   RO          776    i.TM_OneWire_CRC8   tm_stm32_onewire.o
    0x080042ec   0x00000014   Code   RO          778    i.TM_OneWire_First  tm_stm32_onewire.o
    0x08004300   0x00000018   Code   RO          779    i.TM_OneWire_GetFullROM  tm_stm32_onewire.o
    0x08004318   0x00000024   Code   RO          781    i.TM_OneWire_Init   tm_stm32_onewire.o
    0x0800433c   0x0000000e   Code   RO          782    i.TM_OneWire_Next   tm_stm32_onewire.o
    0x0800434a   0x00000048   Code   RO          783    i.TM_OneWire_ReadBit  tm_stm32_onewire.o
    0x08004392   0x00000026   Code   RO          784    i.TM_OneWire_ReadByte  tm_stm32_onewire.o
    0x080043b8   0x00000048   Code   RO          785    i.TM_OneWire_Reset  tm_stm32_onewire.o
    0x08004400   0x0000000a   Code   RO          786    i.TM_OneWire_ResetSearch  tm_stm32_onewire.o
    0x0800440a   0x00000108   Code   RO          787    i.TM_OneWire_Search  tm_stm32_onewire.o
    0x08004512   0x00000024   Code   RO          789    i.TM_OneWire_SelectWithPointer  tm_stm32_onewire.o
    0x08004536   0x00000064   Code   RO          792    i.TM_OneWire_WriteBit  tm_stm32_onewire.o
    0x0800459a   0x00000022   Code   RO          793    i.TM_OneWire_WriteByte  tm_stm32_onewire.o
    0x080045bc   0x000000ea   Code   RO         4086    i.UART_AdvFeatureConfig  stm32f7xx_hal_uart.o
    0x080046a6   0x00000074   Code   RO         4087    i.UART_CheckIdleState  stm32f7xx_hal_uart.o
    0x0800471a   0x00000018   Code   RO         4088    i.UART_DMAAbortOnError  stm32f7xx_hal_uart.o
    0x08004732   0x00000020   Code   RO         4094    i.UART_EndRxTransfer  stm32f7xx_hal_uart.o
    0x08004752   0x00000020   Code   RO         4095    i.UART_EndTransmit_IT  stm32f7xx_hal_uart.o
    0x08004772   0x00000088   Code   RO         4097    i.UART_Receive_IT   stm32f7xx_hal_uart.o
    0x080047fa   0x00000002   PAD
    0x080047fc   0x0000038c   Code   RO         4098    i.UART_SetConfig    stm32f7xx_hal_uart.o
    0x08004b88   0x0000006a   Code   RO         4099    i.UART_Transmit_IT  stm32f7xx_hal_uart.o
    0x08004bf2   0x0000006c   Code   RO         4100    i.UART_WaitOnFlagUntilTimeout  stm32f7xx_hal_uart.o
    0x08004c5e   0x00000002   PAD
    0x08004c60   0x00000010   Code   RO          269    i.USART1_IRQHandler  stm32f7xx_it.o
    0x08004c70   0x00000004   Code   RO          270    i.UsageFault_Handler  stm32f7xx_it.o
    0x08004c74   0x00000030   Code   RO         5063    i.__ARM_fpclassify  m_wm.l(fpclassify.o)
    0x08004ca4   0x0000000e   Code   RO         4859    i._is_digit         c_w.l(__printf_wp.o)
    0x08004cb2   0x00000002   PAD
    0x08004cb4   0x000005ac   Code   RO           19    i.main              main.o
    0x08005260   0x000000b8   Code   RO           20    i.setPWM            main.o
    0x08005318   0x0000002c   Code   RO         5048    locale$$code        c_w.l(lc_numeric_c.o)
    0x08005344   0x0000002c   Code   RO         5077    locale$$code        c_w.l(lc_ctype_c.o)
    0x08005370   0x0000000c   Code   RO         4974    x$fpl$dretinf       fz_wm.l(dretinf.o)
    0x0800537c   0x00000056   Code   RO         4881    x$fpl$f2d           fz_wm.l(f2d.o)
    0x080053d2   0x0000008c   Code   RO         4976    x$fpl$fnaninf       fz_wm.l(fnaninf.o)
    0x0800545e   0x0000000a   Code   RO         5059    x$fpl$fpinit        fz_wm.l(fpinit.o)
    0x08005468   0x00000004   Code   RO         4883    x$fpl$printf1       fz_wm.l(printf1.o)
    0x0800546c   0x00000000   Code   RO         4978    x$fpl$usenofp       fz_wm.l(usenofp.o)
    0x0800546c   0x0000000a   Data   RO           22    .constdata          main.o
    0x08005476   0x00000002   PAD
    0x08005478   0x00000008   Data   RO          916    .constdata          led_746g_discovery.o
    0x08005480   0x00000018   Data   RO         4745    .constdata          system_stm32f7xx.o
    0x08005498   0x00000094   Data   RO         5023    .constdata          c_w.l(bigflt0.o)
    0x0800552c   0x0000005e   Data   RO           23    .conststring        main.o
    0x0800558a   0x00000002   PAD
    0x0800558c   0x00000020   Data   RO         5155    Region$$Table       anon$$obj.o
    0x080055ac   0x0000001c   Data   RO         5047    locale$$data        c_w.l(lc_numeric_c.o)
    0x080055c8   0x00000110   Data   RO         5076    locale$$data        c_w.l(lc_ctype_c.o)


    Execution Region RW_IRAM1 (Base: 0x20010000, Size: 0x00000a20, Max: 0x00040000, ABSOLUTE, COMPRESSED[0x0000005c])

    Base Addr    Size         Type   Attr      Idx    E Section Name        Object

    0x20010000   0x00000180   Data   RW           24    .data               main.o
    0x20010180   0x00000008   Data   RW          594    .data               tm_stm32_delay.o
    0x20010188   0x00000004   Data   RW         4746    .data               system_stm32f7xx.o
    0x2001018c   0x00000200   Zero   RW           21    .bss                main.o
    0x2001038c   0x0000001a   Zero   RW          432    .bss                tm_stm32_gpio.o
    0x200103a6   0x00000002   PAD
    0x200103a8   0x00000018   Zero   RW          593    .bss                tm_stm32_delay.o
    0x200103c0   0x00000060   Zero   RW         4982    .bss                c_w.l(libspace.o)
    0x20010420   0x00000200   Zero   RW         4734    HEAP                startup_stm32f746xx.o
    0x20010620   0x00000400   Zero   RW         4733    STACK               startup_stm32f746xx.o


==============================================================================

Image component sizes


      Code (inc. data)   RO Data    RW Data    ZI Data      Debug   Object Name

       136         18          8          0          0       2936   led_746g_discovery.o
      3160        430        104        384        512     448940   main.o
        64         26        456          0       1536        868   startup_stm32f746xx.o
        80         10          0          0          0       1274   stm32f7xx_hal.o
       344         22          0          0          0      39309   stm32f7xx_hal_cortex.o
        40          0          0          0          0       1255   stm32f7xx_hal_dma.o
       548         52          0          0          0       2576   stm32f7xx_hal_gpio.o
       742         76          0          0          0       3664   stm32f7xx_hal_msp.o
       144          8          0          0          0       1392   stm32f7xx_hal_pwr_ex.o
      1932         64          0          0          0       5736   stm32f7xx_hal_rcc.o
      2328         26          0          0          0       2376   stm32f7xx_hal_rcc_ex.o
       894        104          0          0          0       7424   stm32f7xx_hal_tim.o
       760         36          0          0          0       4860   stm32f7xx_hal_tim_ex.o
      2460         54          0          0          0      12845   stm32f7xx_hal_uart.o
        48          6          0          0          0       4490   stm32f7xx_it.o
       100         18         24          4          0       1363   system_stm32f7xx.o
       340         28          0          8         24       8969   tm_stm32_delay.o
       652         14          0          0          0       6208   tm_stm32_ds18b20.o
       354         10          0          0         26       6369   tm_stm32_gpio.o
       824         10          0          0          0      10383   tm_stm32_onewire.o

    ----------------------------------------------------------------------
     15974       1012        628        396       2100     573237   Object Totals
         0          0         32          0          0          0   (incl. Generated)
        24          0          4          0          2          0   (incl. Padding)

    ----------------------------------------------------------------------

      Code (inc. data)   RO Data    RW Data    ZI Data      Debug   Library Member Name

        90          0          0          0          0          0   __dczerorl2.o
         8          0          0          0          0         68   __main.o
       284          0          0          0          0        156   __printf_wp.o
         0          0          0          0          0          0   __rtentry.o
        12          0          0          0          0          0   __rtentry2.o
         6          0          0          0          0          0   __rtentry4.o
        52          8          0          0          0          0   __scatter.o
        28          0          0          0          0          0   __scatter_zi.o
        28          0          0          0          0         68   _chval.o
        48          6          0          0          0         96   _printf_char_common.o
         6          0          0          0          0          0   _printf_f.o
      1050          0          0          0          0        216   _printf_fp_dec.o
       128         16          0          0          0         84   _printf_fp_infnan.o
        78          0          0          0          0        108   _printf_pad.o
         0          0          0          0          0          0   _printf_percent.o
         4          0          0          0          0          0   _printf_percent_end.o
        10          0          0          0          0         68   _sputc.o
       158          0          0          0          0         92   _strtoul.o
        26          0          0          0          0         80   atoi.o
       220          4        148          0          0         96   bigflt0.o
      1910        128          0          0          0        672   btod.o
        18          0          0          0          0         80   exit.o
         6          0          0          0          0        152   heapauxi.o
         0          0          0          0          0          0   indicate_semi.o
        44         10        272          0          0         76   lc_ctype_c.o
        44         10         28          0          0         76   lc_numeric_c.o
         2          0          0          0          0          0   libinit.o
        34          0          0          0          0          0   libinit2.o
         2          0          0          0          0          0   libshutdown.o
         2          0          0          0          0          0   libshutdown2.o
         8          4          0          0         96         68   libspace.o
       138          0          0          0          0         80   lludiv10.o
        40          6          0          0          0         84   noretval__2sprintf.o
        16          4          0          0          0         76   rt_ctype_table.o
         8          4          0          0          0         68   rt_errno_addr_intlibspace.o
         8          4          0          0          0         68   rt_locale_intlibspace.o
         2          0          0          0          0          0   rtexit.o
        10          0          0          0          0          0   rtexit2.o
       104          0          0          0          0         68   strcmpv7m_pel.o
        36          0          0          0          0         80   strstr.o
       112          0          0          0          0         88   strtol.o
        12          4          0          0          0         68   sys_exit.o
        74          0          0          0          0         80   sys_stackheap_outer.o
         2          0          0          0          0         68   use_no_semi.o
        12          0          0          0          0        116   dretinf.o
        86          4          0          0          0        132   f2d.o
       140          4          0          0          0        132   fnaninf.o
        10          0          0          0          0        116   fpinit.o
         4          0          0          0          0        116   printf1.o
         0          0          0          0          0          0   usenofp.o
        48          0          0          0          0        124   fpclassify.o

    ----------------------------------------------------------------------
      5182        216        448          0         96       3820   Library Totals
        14          0          0          0          0          0   (incl. Padding)

    ----------------------------------------------------------------------

      Code (inc. data)   RO Data    RW Data    ZI Data      Debug   Library Name

      4868        208        448          0         96       3084   c_w.l
       252          8          0          0          0        612   fz_wm.l
        48          0          0          0          0        124   m_wm.l

    ----------------------------------------------------------------------
      5182        216        448          0         96       3820   Library Totals

    ----------------------------------------------------------------------

==============================================================================


      Code (inc. data)   RO Data    RW Data    ZI Data      Debug   

     21156       1228       1076        396       2196     563941   Grand Totals
     21156       1228       1076         92       2196     563941   ELF Image Totals (compressed)
     21156       1228       1076         92          0          0   ROM Totals

==============================================================================

    Total RO  Size (Code + RO Data)                22232 (  21.71kB)
    Total RW  Size (RW Data + ZI Data)              2592 (   2.53kB)
    Total ROM Size (Code + RO Data + RW Data)      22324 (  21.80kB)

==============================================================================

